[2021-01-11T14:35:49.172+0000][0.017s] Heap region size: 1M
[2021-01-11T14:35:49.206+0000][0.052s] Using G1
[2021-01-11T14:35:49.206+0000][0.052s] Heap address: 0x00000000e0000000, size: 512 MB, Compressed Oops mode: 32-bit
[2021-01-11T14:35:50.321+0000][1.166s] GC(0) Pause Young (Normal) (G1 Evacuation Pause)
[2021-01-11T14:35:50.321+0000][1.166s] GC(0) Using 1 workers of 1 for evacuation
[2021-01-11T14:35:50.338+0000][1.183s] GC(0)   Pre Evacuate Collection Set: 0.0ms
[2021-01-11T14:35:50.338+0000][1.183s] GC(0)   Evacuate Collection Set: 14.3ms
[2021-01-11T14:35:50.338+0000][1.183s] GC(0)   Post Evacuate Collection Set: 2.9ms
[2021-01-11T14:35:50.338+0000][1.183s] GC(0)   Other: 0.1ms
[2021-01-11T14:35:50.338+0000][1.183s] GC(0) Eden regions: 25->0(22)
[2021-01-11T14:35:50.338+0000][1.183s] GC(0) Survivor regions: 0->3(4)
[2021-01-11T14:35:50.338+0000][1.183s] GC(0) Old regions: 0->0
[2021-01-11T14:35:50.338+0000][1.183s] GC(0) Humongous regions: 0->0
[2021-01-11T14:35:50.338+0000][1.183s] GC(0) Metaspace: 12105K->12105K(1060864K)
[2021-01-11T14:35:50.338+0000][1.183s] GC(0) Pause Young (Normal) (G1 Evacuation Pause) 25M->2M(512M) 17.468ms
[2021-01-11T14:35:50.338+0000][1.183s] GC(0) User=0.01s Sys=0.01s Real=0.02s
[2021-01-11T14:35:50.848+0000][1.693s] GC(1) Pause Young (Normal) (G1 Evacuation Pause)
[2021-01-11T14:35:50.848+0000][1.693s] GC(1) Using 1 workers of 1 for evacuation
[2021-01-11T14:35:50.859+0000][1.705s] GC(1)   Pre Evacuate Collection Set: 0.0ms
[2021-01-11T14:35:50.859+0000][1.705s] GC(1)   Evacuate Collection Set: 11.1ms
[2021-01-11T14:35:50.859+0000][1.705s] GC(1)   Post Evacuate Collection Set: 0.2ms
[2021-01-11T14:35:50.860+0000][1.705s] GC(1)   Other: 0.1ms
[2021-01-11T14:35:50.860+0000][1.705s] GC(1) Eden regions: 22->0(24)
[2021-01-11T14:35:50.860+0000][1.705s] GC(1) Survivor regions: 3->1(4)
[2021-01-11T14:35:50.860+0000][1.705s] GC(1) Old regions: 0->3
[2021-01-11T14:35:50.860+0000][1.705s] GC(1) Humongous regions: 0->0
[2021-01-11T14:35:50.860+0000][1.705s] GC(1) Metaspace: 15206K->15206K(1062912K)
[2021-01-11T14:35:50.860+0000][1.705s] GC(1) Pause Young (Normal) (G1 Evacuation Pause) 24M->3M(512M) 11.571ms
[2021-01-11T14:35:50.860+0000][1.705s] GC(1) User=0.01s Sys=0.00s Real=0.01s
[2021-01-11T14:35:51.742+0000][2.588s] GC(2) Pause Young (Concurrent Start) (Metadata GC Threshold)
[2021-01-11T14:35:51.743+0000][2.588s] GC(2) Using 1 workers of 1 for evacuation
[2021-01-11T14:35:51.780+0000][2.625s] GC(2)   Pre Evacuate Collection Set: 0.0ms
[2021-01-11T14:35:51.780+0000][2.625s] GC(2)   Evacuate Collection Set: 36.6ms
[2021-01-11T14:35:51.780+0000][2.625s] GC(2)   Post Evacuate Collection Set: 0.3ms
[2021-01-11T14:35:51.780+0000][2.625s] GC(2)   Other: 0.2ms
[2021-01-11T14:35:51.780+0000][2.625s] GC(2) Eden regions: 22->0(21)
[2021-01-11T14:35:51.780+0000][2.625s] GC(2) Survivor regions: 1->4(4)
[2021-01-11T14:35:51.780+0000][2.625s] GC(2) Old regions: 3->8
[2021-01-11T14:35:51.780+0000][2.625s] GC(2) Humongous regions: 4->4
[2021-01-11T14:35:51.780+0000][2.625s] GC(2) Metaspace: 20776K->20776K(1069056K)
[2021-01-11T14:35:51.780+0000][2.625s] GC(2) Pause Young (Concurrent Start) (Metadata GC Threshold) 29M->15M(512M) 37.216ms
[2021-01-11T14:35:51.780+0000][2.625s] GC(2) User=0.03s Sys=0.00s Real=0.04s
[2021-01-11T14:35:51.780+0000][2.625s] GC(3) Concurrent Cycle
[2021-01-11T14:35:51.780+0000][2.625s] GC(3) Concurrent Clear Claimed Marks
[2021-01-11T14:35:51.780+0000][2.625s] GC(3) Concurrent Clear Claimed Marks 0.037ms
[2021-01-11T14:35:51.780+0000][2.625s] GC(3) Concurrent Scan Root Regions
[2021-01-11T14:35:51.787+0000][2.632s] GC(3) Concurrent Scan Root Regions 7.295ms
[2021-01-11T14:35:51.787+0000][2.632s] GC(3) Concurrent Mark (2.632s)
[2021-01-11T14:35:51.787+0000][2.632s] GC(3) Concurrent Mark From Roots
[2021-01-11T14:35:51.787+0000][2.632s] GC(3) Using 1 workers of 1 for marking
[2021-01-11T14:35:51.847+0000][2.693s] GC(3) Concurrent Mark From Roots 60.188ms
[2021-01-11T14:35:51.848+0000][2.693s] GC(3) Concurrent Preclean
[2021-01-11T14:35:51.848+0000][2.693s] GC(3) Concurrent Preclean 0.050ms
[2021-01-11T14:35:51.848+0000][2.693s] GC(3) Concurrent Mark (2.632s, 2.693s) 60.301ms
[2021-01-11T14:35:51.848+0000][2.693s] GC(3) Pause Remark
[2021-01-11T14:35:51.857+0000][2.702s] GC(3) Cleaned string and symbol table, strings: 9974 processed, 3 removed, symbols: 69147 processed, 17 removed
[2021-01-11T14:35:51.857+0000][2.702s] GC(3) Pause Remark 16M->16M(512M) 9.644ms
[2021-01-11T14:35:51.857+0000][2.702s] GC(3) User=0.01s Sys=0.00s Real=0.01s
[2021-01-11T14:35:51.857+0000][2.702s] GC(3) Concurrent Rebuild Remembered Sets
[2021-01-11T14:35:51.895+0000][2.740s] GC(3) Concurrent Rebuild Remembered Sets 37.603ms
[2021-01-11T14:35:51.895+0000][2.740s] GC(3) Pause Cleanup
[2021-01-11T14:35:51.895+0000][2.740s] GC(3) Pause Cleanup 17M->17M(512M) 0.117ms
[2021-01-11T14:35:51.895+0000][2.740s] GC(3) User=0.00s Sys=0.00s Real=0.00s
[2021-01-11T14:35:51.895+0000][2.740s] GC(3) Concurrent Cleanup for Next Mark
[2021-01-11T14:35:51.898+0000][2.743s] GC(3) Concurrent Cleanup for Next Mark 2.586ms
[2021-01-11T14:35:51.898+0000][2.743s] GC(3) Concurrent Cycle 117.968ms
[2021-01-11T14:35:52.501+0000][3.346s] GC(4) Pause Young (Concurrent Start) (G1 Evacuation Pause)
[2021-01-11T14:35:52.501+0000][3.346s] GC(4) Using 1 workers of 1 for evacuation
[2021-01-11T14:35:52.518+0000][3.363s] GC(4)   Pre Evacuate Collection Set: 0.0ms
[2021-01-11T14:35:52.518+0000][3.363s] GC(4)   Evacuate Collection Set: 16.5ms
[2021-01-11T14:35:52.518+0000][3.363s] GC(4)   Post Evacuate Collection Set: 0.5ms
[2021-01-11T14:35:52.518+0000][3.364s] GC(4)   Other: 0.2ms
[2021-01-11T14:35:52.518+0000][3.364s] GC(4) Eden regions: 21->0(21)
[2021-01-11T14:35:52.518+0000][3.364s] GC(4) Survivor regions: 4->4(4)
[2021-01-11T14:35:52.518+0000][3.364s] GC(4) Old regions: 8->12
[2021-01-11T14:35:52.518+0000][3.364s] GC(4) Humongous regions: 4->4
[2021-01-11T14:35:52.518+0000][3.364s] GC(4) Metaspace: 24160K->24160K(1071104K)
[2021-01-11T14:35:52.518+0000][3.364s] GC(4) Pause Young (Concurrent Start) (G1 Evacuation Pause) 36M->20M(512M) 17.334ms
[2021-01-11T14:35:52.518+0000][3.364s] GC(4) User=0.02s Sys=0.01s Real=0.02s
[2021-01-11T14:35:52.519+0000][3.364s] GC(5) Concurrent Cycle
[2021-01-11T14:35:52.519+0000][3.364s] GC(5) Concurrent Clear Claimed Marks
[2021-01-11T14:35:52.519+0000][3.364s] GC(5) Concurrent Clear Claimed Marks 0.035ms
[2021-01-11T14:35:52.519+0000][3.364s] GC(5) Concurrent Scan Root Regions
[2021-01-11T14:35:52.524+0000][3.369s] GC(5) Concurrent Scan Root Regions 5.757ms
[2021-01-11T14:35:52.524+0000][3.369s] GC(5) Concurrent Mark (3.369s)
[2021-01-11T14:35:52.524+0000][3.369s] GC(5) Concurrent Mark From Roots
[2021-01-11T14:35:52.524+0000][3.369s] GC(5) Using 1 workers of 1 for marking
[2021-01-11T14:35:52.627+0000][3.472s] GC(5) Concurrent Mark From Roots 102.229ms
[2021-01-11T14:35:52.627+0000][3.472s] GC(5) Concurrent Preclean
[2021-01-11T14:35:52.627+0000][3.472s] GC(5) Concurrent Preclean 0.060ms
[2021-01-11T14:35:52.627+0000][3.472s] GC(5) Concurrent Mark (3.369s, 3.472s) 102.347ms
[2021-01-11T14:35:52.629+0000][3.474s] GC(5) Pause Remark
[2021-01-11T14:35:52.634+0000][3.479s] GC(5) Cleaned string and symbol table, strings: 11436 processed, 0 removed, symbols: 78010 processed, 4 removed
[2021-01-11T14:35:52.635+0000][3.480s] GC(5) Pause Remark 23M->23M(512M) 6.373ms
[2021-01-11T14:35:52.635+0000][3.480s] GC(5) User=0.01s Sys=0.00s Real=0.01s
[2021-01-11T14:35:52.635+0000][3.480s] GC(5) Concurrent Rebuild Remembered Sets
[2021-01-11T14:35:52.690+0000][3.535s] GC(5) Concurrent Rebuild Remembered Sets 54.558ms
[2021-01-11T14:35:52.690+0000][3.535s] GC(5) Pause Cleanup
[2021-01-11T14:35:52.690+0000][3.535s] GC(5) Pause Cleanup 26M->26M(512M) 0.099ms
[2021-01-11T14:35:52.690+0000][3.535s] GC(5) User=0.00s Sys=0.00s Real=0.00s
[2021-01-11T14:35:52.690+0000][3.535s] GC(5) Concurrent Cleanup for Next Mark
[2021-01-11T14:35:52.694+0000][3.539s] GC(5) Concurrent Cleanup for Next Mark 3.723ms
[2021-01-11T14:35:52.694+0000][3.539s] GC(5) Concurrent Cycle 175.282ms
[2021-01-11T14:35:53.190+0000][4.035s] GC(6) Pause Young (Normal) (G1 Evacuation Pause)
[2021-01-11T14:35:53.190+0000][4.036s] GC(6) Using 1 workers of 1 for evacuation
[2021-01-11T14:35:53.201+0000][4.046s] GC(6)   Pre Evacuate Collection Set: 0.0ms
[2021-01-11T14:35:53.201+0000][4.046s] GC(6)   Evacuate Collection Set: 10.0ms
[2021-01-11T14:35:53.201+0000][4.046s] GC(6)   Post Evacuate Collection Set: 0.5ms
[2021-01-11T14:35:53.201+0000][4.046s] GC(6)   Other: 0.2ms
[2021-01-11T14:35:53.201+0000][4.046s] GC(6) Eden regions: 21->0(24)
[2021-01-11T14:35:53.201+0000][4.046s] GC(6) Survivor regions: 4->4(4)
[2021-01-11T14:35:53.201+0000][4.046s] GC(6) Old regions: 12->16
[2021-01-11T14:35:53.201+0000][4.046s] GC(6) Humongous regions: 4->4
[2021-01-11T14:35:53.201+0000][4.046s] GC(6) Metaspace: 26172K->26172K(1073152K)
[2021-01-11T14:35:53.201+0000][4.046s] GC(6) Pause Young (Normal) (G1 Evacuation Pause) 41M->23M(512M) 10.774ms
[2021-01-11T14:35:53.201+0000][4.046s] GC(6) User=0.01s Sys=0.00s Real=0.01s
[2021-01-11T14:35:53.631+0000][4.476s] GC(7) Pause Young (Normal) (G1 Evacuation Pause)
[2021-01-11T14:35:53.631+0000][4.476s] GC(7) Using 1 workers of 1 for evacuation
[2021-01-11T14:35:53.645+0000][4.490s] GC(7)   Pre Evacuate Collection Set: 0.0ms
[2021-01-11T14:35:53.645+0000][4.490s] GC(7)   Evacuate Collection Set: 11.1ms
[2021-01-11T14:35:53.645+0000][4.490s] GC(7)   Post Evacuate Collection Set: 2.5ms
[2021-01-11T14:35:53.645+0000][4.490s] GC(7)   Other: 0.2ms
[2021-01-11T14:35:53.645+0000][4.490s] GC(7) Eden regions: 24->0(34)
[2021-01-11T14:35:53.645+0000][4.490s] GC(7) Survivor regions: 4->1(4)
[2021-01-11T14:35:53.645+0000][4.490s] GC(7) Old regions: 16->19
[2021-01-11T14:35:53.645+0000][4.490s] GC(7) Humongous regions: 4->4
[2021-01-11T14:35:53.645+0000][4.490s] GC(7) Metaspace: 29786K->29786K(1077248K)
[2021-01-11T14:35:53.645+0000][4.490s] GC(7) Pause Young (Normal) (G1 Evacuation Pause) 47M->23M(512M) 13.983ms
[2021-01-11T14:35:53.645+0000][4.490s] GC(7) User=0.01s Sys=0.00s Real=0.02s
[2021-01-11T14:35:54.837+0000][5.682s] GC(8) Pause Young (Normal) (G1 Evacuation Pause)
[2021-01-11T14:35:54.837+0000][5.682s] GC(8) Using 1 workers of 1 for evacuation
[2021-01-11T14:35:54.841+0000][5.686s] GC(8)   Pre Evacuate Collection Set: 0.0ms
[2021-01-11T14:35:54.841+0000][5.686s] GC(8)   Evacuate Collection Set: 3.5ms
[2021-01-11T14:35:54.841+0000][5.686s] GC(8)   Post Evacuate Collection Set: 0.2ms
[2021-01-11T14:35:54.841+0000][5.686s] GC(8)   Other: 0.1ms
[2021-01-11T14:35:54.841+0000][5.686s] GC(8) Eden regions: 34->0(54)
[2021-01-11T14:35:54.841+0000][5.686s] GC(8) Survivor regions: 1->1(5)
[2021-01-11T14:35:54.841+0000][5.686s] GC(8) Old regions: 19->19
[2021-01-11T14:35:54.841+0000][5.686s] GC(8) Humongous regions: 4->4
[2021-01-11T14:35:54.841+0000][5.686s] GC(8) Metaspace: 32485K->32485K(1079296K)
[2021-01-11T14:35:54.841+0000][5.686s] GC(8) Pause Young (Normal) (G1 Evacuation Pause) 57M->23M(512M) 3.950ms
[2021-01-11T14:35:54.841+0000][5.686s] GC(8) User=0.00s Sys=0.00s Real=0.00s
[2021-01-11T14:35:56.315+0000][7.160s] GC(9) Pause Young (Normal) (G1 Evacuation Pause)
[2021-01-11T14:35:56.315+0000][7.160s] GC(9) Using 1 workers of 1 for evacuation
[2021-01-11T14:35:56.330+0000][7.175s] GC(9)   Pre Evacuate Collection Set: 0.0ms
[2021-01-11T14:35:56.330+0000][7.175s] GC(9)   Evacuate Collection Set: 14.6ms
[2021-01-11T14:35:56.330+0000][7.175s] GC(9)   Post Evacuate Collection Set: 0.3ms
[2021-01-11T14:35:56.330+0000][7.175s] GC(9)   Other: 0.1ms
[2021-01-11T14:35:56.330+0000][7.176s] GC(9) Eden regions: 54->0(63)
[2021-01-11T14:35:56.330+0000][7.176s] GC(9) Survivor regions: 1->5(7)
[2021-01-11T14:35:56.330+0000][7.176s] GC(9) Old regions: 19->19
[2021-01-11T14:35:56.330+0000][7.176s] GC(9) Humongous regions: 4->4
[2021-01-11T14:35:56.330+0000][7.176s] GC(9) Metaspace: 39927K->39927K(1085440K)
[2021-01-11T14:35:56.330+0000][7.176s] GC(9) Pause Young (Normal) (G1 Evacuation Pause) 77M->27M(512M) 15.173ms
[2021-01-11T14:35:56.330+0000][7.176s] GC(9) User=0.01s Sys=0.01s Real=0.01s
[2021-01-11T14:35:56.554+0000][7.399s] GC(10) Pause Young (Concurrent Start) (Metadata GC Threshold)
[2021-01-11T14:35:56.554+0000][7.399s] GC(10) Using 1 workers of 1 for evacuation
[2021-01-11T14:35:56.567+0000][7.412s] GC(10)   Pre Evacuate Collection Set: 0.1ms
[2021-01-11T14:35:56.567+0000][7.412s] GC(10)   Evacuate Collection Set: 12.2ms
[2021-01-11T14:35:56.567+0000][7.412s] GC(10)   Post Evacuate Collection Set: 0.2ms
[2021-01-11T14:35:56.567+0000][7.412s] GC(10)   Other: 0.2ms
[2021-01-11T14:35:56.567+0000][7.412s] GC(10) Eden regions: 10->0(65)
[2021-01-11T14:35:56.567+0000][7.412s] GC(10) Survivor regions: 5->5(9)
[2021-01-11T14:35:56.567+0000][7.412s] GC(10) Old regions: 19->19
[2021-01-11T14:35:56.567+0000][7.412s] GC(10) Humongous regions: 4->4
[2021-01-11T14:35:56.567+0000][7.412s] GC(10) Metaspace: 40856K->40856K(1085440K)
[2021-01-11T14:35:56.567+0000][7.412s] GC(10) Pause Young (Concurrent Start) (Metadata GC Threshold) 37M->28M(512M) 12.845ms
[2021-01-11T14:35:56.567+0000][7.412s] GC(10) User=0.01s Sys=0.00s Real=0.01s
[2021-01-11T14:35:56.567+0000][7.412s] GC(11) Concurrent Cycle
[2021-01-11T14:35:56.567+0000][7.412s] GC(11) Concurrent Clear Claimed Marks
[2021-01-11T14:35:56.567+0000][7.412s] GC(11) Concurrent Clear Claimed Marks 0.027ms
[2021-01-11T14:35:56.567+0000][7.412s] GC(11) Concurrent Scan Root Regions
[2021-01-11T14:35:56.571+0000][7.416s] GC(11) Concurrent Scan Root Regions 4.448ms
[2021-01-11T14:35:56.571+0000][7.416s] GC(11) Concurrent Mark (7.416s)
[2021-01-11T14:35:56.571+0000][7.416s] GC(11) Concurrent Mark From Roots
[2021-01-11T14:35:56.571+0000][7.416s] GC(11) Using 1 workers of 1 for marking
[2021-01-11T14:35:56.703+0000][7.548s] GC(11) Concurrent Mark From Roots 131.399ms
[2021-01-11T14:35:56.703+0000][7.548s] GC(11) Concurrent Preclean
[2021-01-11T14:35:56.703+0000][7.548s] GC(11) Concurrent Preclean 0.058ms
[2021-01-11T14:35:56.703+0000][7.548s] GC(11) Concurrent Mark (7.416s, 7.548s) 131.505ms
[2021-01-11T14:35:56.703+0000][7.548s] GC(11) Pause Remark
[2021-01-11T14:35:56.715+0000][7.560s] GC(11) Cleaned string and symbol table, strings: 18279 processed, 23 removed, symbols: 132540 processed, 88 removed
[2021-01-11T14:35:56.715+0000][7.560s] GC(11) Pause Remark 40M->40M(512M) 12.221ms
[2021-01-11T14:35:56.715+0000][7.560s] GC(11) User=0.01s Sys=0.00s Real=0.02s
[2021-01-11T14:35:56.724+0000][7.569s] GC(11) Concurrent Rebuild Remembered Sets
[2021-01-11T14:35:56.771+0000][7.616s] GC(11) Concurrent Rebuild Remembered Sets 46.638ms
[2021-01-11T14:35:56.771+0000][7.616s] GC(11) Pause Cleanup
[2021-01-11T14:35:56.771+0000][7.616s] GC(11) Pause Cleanup 43M->43M(512M) 0.105ms
[2021-01-11T14:35:56.771+0000][7.616s] GC(11) User=0.00s Sys=0.00s Real=0.00s
[2021-01-11T14:35:56.771+0000][7.616s] GC(11) Concurrent Cleanup for Next Mark
[2021-01-11T14:35:56.777+0000][7.623s] GC(11) Concurrent Cleanup for Next Mark 6.433ms
[2021-01-11T14:35:56.777+0000][7.623s] GC(11) Concurrent Cycle 210.603ms
[2021-01-11T14:35:57.246+0000][8.091s] GC(12) Pause Young (Concurrent Start) (G1 Evacuation Pause)
[2021-01-11T14:35:57.246+0000][8.091s] GC(12) Using 1 workers of 1 for evacuation
[2021-01-11T14:35:57.280+0000][8.125s] GC(12)   Pre Evacuate Collection Set: 0.1ms
[2021-01-11T14:35:57.280+0000][8.125s] GC(12)   Evacuate Collection Set: 34.1ms
[2021-01-11T14:35:57.280+0000][8.126s] GC(12)   Post Evacuate Collection Set: 0.3ms
[2021-01-11T14:35:57.280+0000][8.126s] GC(12)   Other: 0.2ms
[2021-01-11T14:35:57.280+0000][8.126s] GC(12) Eden regions: 66->0(79)
[2021-01-11T14:35:57.280+0000][8.126s] GC(12) Survivor regions: 5->6(9)
[2021-01-11T14:35:57.280+0000][8.126s] GC(12) Old regions: 19->20
[2021-01-11T14:35:57.280+0000][8.126s] GC(12) Humongous regions: 4->4
[2021-01-11T14:35:57.280+0000][8.126s] GC(12) Metaspace: 42736K->42736K(1087488K)
[2021-01-11T14:35:57.280+0000][8.126s] GC(12) Pause Young (Concurrent Start) (G1 Evacuation Pause) 94M->29M(512M) 34.772ms
[2021-01-11T14:35:57.281+0000][8.126s] GC(12) User=0.03s Sys=0.00s Real=0.03s
[2021-01-11T14:35:57.281+0000][8.126s] GC(13) Concurrent Cycle
[2021-01-11T14:35:57.281+0000][8.126s] GC(13) Concurrent Clear Claimed Marks
[2021-01-11T14:35:57.281+0000][8.126s] GC(13) Concurrent Clear Claimed Marks 0.028ms
[2021-01-11T14:35:57.281+0000][8.126s] GC(13) Concurrent Scan Root Regions
[2021-01-11T14:35:57.284+0000][8.129s] GC(13) Concurrent Scan Root Regions 3.507ms
[2021-01-11T14:35:57.284+0000][8.129s] GC(13) Concurrent Mark (8.129s)
[2021-01-11T14:35:57.284+0000][8.129s] GC(13) Concurrent Mark From Roots
[2021-01-11T14:35:57.284+0000][8.129s] GC(13) Using 1 workers of 1 for marking
[2021-01-11T14:35:57.368+0000][8.213s] GC(13) Concurrent Mark From Roots 83.424ms
[2021-01-11T14:35:57.368+0000][8.213s] GC(13) Concurrent Preclean
[2021-01-11T14:35:57.368+0000][8.213s] GC(13) Concurrent Preclean 0.067ms
[2021-01-11T14:35:57.368+0000][8.213s] GC(13) Concurrent Mark (8.129s, 8.213s) 83.568ms
[2021-01-11T14:35:57.372+0000][8.217s] GC(13) Pause Remark
[2021-01-11T14:35:57.383+0000][8.228s] GC(13) Cleaned string and symbol table, strings: 18914 processed, 2 removed, symbols: 136945 processed, 55 removed
[2021-01-11T14:35:57.383+0000][8.228s] GC(13) Pause Remark 34M->34M(512M) 11.264ms
[2021-01-11T14:35:57.383+0000][8.228s] GC(13) User=0.01s Sys=0.00s Real=0.01s
[2021-01-11T14:35:57.384+0000][8.229s] GC(13) Concurrent Rebuild Remembered Sets
[2021-01-11T14:35:57.442+0000][8.287s] GC(13) Concurrent Rebuild Remembered Sets 58.024ms
[2021-01-11T14:35:57.442+0000][8.287s] GC(13) Pause Cleanup
[2021-01-11T14:35:57.442+0000][8.287s] GC(13) Pause Cleanup 36M->36M(512M) 0.102ms
[2021-01-11T14:35:57.442+0000][8.287s] GC(13) User=0.00s Sys=0.00s Real=0.00s
[2021-01-11T14:35:57.442+0000][8.287s] GC(13) Concurrent Cleanup for Next Mark
[2021-01-11T14:35:57.453+0000][8.298s] GC(13) Concurrent Cleanup for Next Mark 10.385ms
[2021-01-11T14:35:57.453+0000][8.298s] GC(13) Concurrent Cycle 172.133ms
[2021-01-11T14:35:57.881+0000][8.726s] GC(14) Pause Young (Normal) (G1 Evacuation Pause)
[2021-01-11T14:35:57.881+0000][8.726s] GC(14) Using 1 workers of 1 for evacuation
[2021-01-11T14:35:57.911+0000][8.756s] GC(14)   Pre Evacuate Collection Set: 0.0ms
[2021-01-11T14:35:57.911+0000][8.756s] GC(14)   Evacuate Collection Set: 29.1ms
[2021-01-11T14:35:57.911+0000][8.756s] GC(14)   Post Evacuate Collection Set: 0.3ms
[2021-01-11T14:35:57.911+0000][8.756s] GC(14)   Other: 0.2ms
[2021-01-11T14:35:57.911+0000][8.756s] GC(14) Eden regions: 80->0(100)
[2021-01-11T14:35:57.911+0000][8.756s] GC(14) Survivor regions: 6->3(11)
[2021-01-11T14:35:57.911+0000][8.756s] GC(14) Old regions: 20->24
[2021-01-11T14:35:57.911+0000][8.756s] GC(14) Humongous regions: 4->4
[2021-01-11T14:35:57.911+0000][8.756s] GC(14) Metaspace: 44533K->44533K(1089536K)
[2021-01-11T14:35:57.911+0000][8.756s] GC(14) Pause Young (Normal) (G1 Evacuation Pause) 109M->29M(512M) 29.706ms
[2021-01-11T14:35:57.911+0000][8.756s] GC(14) User=0.01s Sys=0.00s Real=0.03s
[2021-01-11T14:35:58.913+0000][9.758s] GC(15) Pause Young (Normal) (G1 Evacuation Pause)
[2021-01-11T14:35:58.913+0000][9.758s] GC(15) Using 1 workers of 1 for evacuation
[2021-01-11T14:35:58.924+0000][9.769s] GC(15)   Pre Evacuate Collection Set: 0.0ms
[2021-01-11T14:35:58.924+0000][9.769s] GC(15)   Evacuate Collection Set: 10.5ms
[2021-01-11T14:35:58.924+0000][9.769s] GC(15)   Post Evacuate Collection Set: 0.3ms
[2021-01-11T14:35:58.924+0000][9.769s] GC(15)   Other: 0.2ms
[2021-01-11T14:35:58.924+0000][9.769s] GC(15) Eden regions: 100->0(195)
[2021-01-11T14:35:58.924+0000][9.769s] GC(15) Survivor regions: 3->4(13)
[2021-01-11T14:35:58.924+0000][9.769s] GC(15) Old regions: 24->24
[2021-01-11T14:35:58.924+0000][9.769s] GC(15) Humongous regions: 5->4
[2021-01-11T14:35:58.924+0000][9.769s] GC(15) Metaspace: 47987K->47987K(1093632K)
[2021-01-11T14:35:58.924+0000][9.769s] GC(15) Pause Young (Normal) (G1 Evacuation Pause) 130M->31M(512M) 11.094ms
[2021-01-11T14:35:58.924+0000][9.769s] GC(15) User=0.02s Sys=0.00s Real=0.00s
[2021-01-11T14:42:05.810+0000][376.656s] GC(16) Pause Young (Normal) (G1 Evacuation Pause)
[2021-01-11T14:42:05.810+0000][376.656s] GC(16) Using 1 workers of 1 for evacuation
[2021-01-11T14:42:05.897+0000][376.742s] GC(16)   Pre Evacuate Collection Set: 0.0ms
[2021-01-11T14:42:05.897+0000][376.742s] GC(16)   Evacuate Collection Set: 80.6ms
[2021-01-11T14:42:05.897+0000][376.742s] GC(16)   Post Evacuate Collection Set: 5.6ms
[2021-01-11T14:42:05.897+0000][376.742s] GC(16)   Other: 0.2ms
[2021-01-11T14:42:05.897+0000][376.742s] GC(16) Eden regions: 195->0(209)
[2021-01-11T14:42:05.897+0000][376.742s] GC(16) Survivor regions: 4->13(25)
[2021-01-11T14:42:05.897+0000][376.742s] GC(16) Old regions: 24->24
[2021-01-11T14:42:05.897+0000][376.742s] GC(16) Humongous regions: 7->7
[2021-01-11T14:42:05.897+0000][376.742s] GC(16) Metaspace: 58214K->58214K(1101824K)
[2021-01-11T14:42:05.897+0000][376.742s] GC(16) Pause Young (Normal) (G1 Evacuation Pause) 229M->43M(512M) 86.903ms
[2021-01-11T14:42:05.897+0000][376.742s] GC(16) User=0.07s Sys=0.01s Real=0.09s
[2021-01-11T15:06:17.478+0000][1828.323s] GC(17) Pause Young (Normal) (G1 Evacuation Pause)
[2021-01-11T15:06:17.480+0000][1828.325s] GC(17) Using 1 workers of 1 for evacuation
[2021-01-11T15:06:17.535+0000][1828.380s] GC(17)   Pre Evacuate Collection Set: 0.0ms
[2021-01-11T15:06:17.535+0000][1828.380s] GC(17)   Evacuate Collection Set: 53.8ms
[2021-01-11T15:06:17.535+0000][1828.380s] GC(17)   Post Evacuate Collection Set: 0.6ms
[2021-01-11T15:06:17.535+0000][1828.380s] GC(17)   Other: 3.5ms
[2021-01-11T15:06:17.535+0000][1828.380s] GC(17) Eden regions: 209->0(224)
[2021-01-11T15:06:17.535+0000][1828.380s] GC(17) Survivor regions: 13->13(28)
[2021-01-11T15:06:17.535+0000][1828.380s] GC(17) Old regions: 24->24
[2021-01-11T15:06:17.535+0000][1828.380s] GC(17) Humongous regions: 7->7
[2021-01-11T15:06:17.535+0000][1828.380s] GC(17) Metaspace: 61615K->61615K(1105920K)
[2021-01-11T15:06:17.535+0000][1828.380s] GC(17) Pause Young (Normal) (G1 Evacuation Pause) 252M->43M(512M) 57.206ms
[2021-01-11T15:06:17.535+0000][1828.380s] GC(17) User=0.05s Sys=0.01s Real=0.06s
[2021-01-11T15:07:36.372+0000][1907.217s] GC(18) Pause Young (Normal) (G1 Evacuation Pause)
[2021-01-11T15:07:36.372+0000][1907.217s] GC(18) Using 1 workers of 1 for evacuation
[2021-01-11T15:07:36.449+0000][1907.294s] GC(18)   Pre Evacuate Collection Set: 0.0ms
[2021-01-11T15:07:36.449+0000][1907.294s] GC(18)   Evacuate Collection Set: 76.8ms
[2021-01-11T15:07:36.449+0000][1907.294s] GC(18)   Post Evacuate Collection Set: 0.8ms
[2021-01-11T15:07:36.449+0000][1907.294s] GC(18)   Other: 0.2ms
[2021-01-11T15:07:36.449+0000][1907.294s] GC(18) Eden regions: 224->0(242)
[2021-01-11T15:07:36.449+0000][1907.294s] GC(18) Survivor regions: 13->14(30)
[2021-01-11T15:07:36.449+0000][1907.294s] GC(18) Old regions: 24->24
[2021-01-11T15:07:36.449+0000][1907.294s] GC(18) Humongous regions: 7->7
[2021-01-11T15:07:36.449+0000][1907.294s] GC(18) Metaspace: 61922K->61922K(1105920K)
[2021-01-11T15:07:36.449+0000][1907.295s] GC(18) Pause Young (Normal) (G1 Evacuation Pause) 267M->44M(512M) 77.909ms
[2021-01-11T15:07:36.449+0000][1907.295s] GC(18) User=0.06s Sys=0.01s Real=0.08s
[2021-01-11T15:16:05.437+0000][2416.282s] Heap
[2021-01-11T15:16:05.437+0000][2416.282s]  garbage-first heap   total 524288K, used 155828K [0x00000000e0000000, 0x0000000100000000)
[2021-01-11T15:16:05.437+0000][2416.282s]   region size 1024K, 123 young (125952K), 14 survivors (14336K)
[2021-01-11T15:16:05.437+0000][2416.282s]  Metaspace       used 62426K, capacity 63685K, committed 63900K, reserved 1105920K
[2021-01-11T15:16:05.437+0000][2416.282s]   class space    used 6926K, capacity 7431K, committed 7500K, reserved 1048576K
