[2021-01-26T11:17:41.614+0000][0.013s] Heap region size: 1M
[2021-01-26T11:17:41.651+0000][0.050s] Using G1
[2021-01-26T11:17:41.651+0000][0.050s] Heap address: 0x00000000e0000000, size: 512 MB, Compressed Oops mode: 32-bit
[2021-01-26T11:17:42.761+0000][1.160s] GC(0) Pause Young (Normal) (G1 Evacuation Pause)
[2021-01-26T11:17:42.761+0000][1.160s] GC(0) Using 1 workers of 1 for evacuation
[2021-01-26T11:17:42.780+0000][1.179s] GC(0)   Pre Evacuate Collection Set: 0.0ms
[2021-01-26T11:17:42.780+0000][1.179s] GC(0)   Evacuate Collection Set: 16.5ms
[2021-01-26T11:17:42.780+0000][1.179s] GC(0)   Post Evacuate Collection Set: 2.3ms
[2021-01-26T11:17:42.780+0000][1.179s] GC(0)   Other: 0.1ms
[2021-01-26T11:17:42.780+0000][1.179s] GC(0) Eden regions: 25->0(22)
[2021-01-26T11:17:42.780+0000][1.179s] GC(0) Survivor regions: 0->3(4)
[2021-01-26T11:17:42.780+0000][1.179s] GC(0) Old regions: 0->0
[2021-01-26T11:17:42.780+0000][1.179s] GC(0) Humongous regions: 0->0
[2021-01-26T11:17:42.780+0000][1.179s] GC(0) Metaspace: 12073K->12073K(1060864K)
[2021-01-26T11:17:42.780+0000][1.179s] GC(0) Pause Young (Normal) (G1 Evacuation Pause) 25M->2M(512M) 19.056ms
[2021-01-26T11:17:42.780+0000][1.179s] GC(0) User=0.01s Sys=0.00s Real=0.01s
[2021-01-26T11:17:43.306+0000][1.705s] GC(1) Pause Young (Normal) (G1 Evacuation Pause)
[2021-01-26T11:17:43.307+0000][1.706s] GC(1) Using 1 workers of 1 for evacuation
[2021-01-26T11:17:43.333+0000][1.732s] GC(1)   Pre Evacuate Collection Set: 0.0ms
[2021-01-26T11:17:43.333+0000][1.732s] GC(1)   Evacuate Collection Set: 23.2ms
[2021-01-26T11:17:43.333+0000][1.732s] GC(1)   Post Evacuate Collection Set: 3.2ms
[2021-01-26T11:17:43.333+0000][1.732s] GC(1)   Other: 0.1ms
[2021-01-26T11:17:43.333+0000][1.732s] GC(1) Eden regions: 22->0(24)
[2021-01-26T11:17:43.333+0000][1.732s] GC(1) Survivor regions: 3->1(4)
[2021-01-26T11:17:43.333+0000][1.732s] GC(1) Old regions: 0->3
[2021-01-26T11:17:43.333+0000][1.732s] GC(1) Humongous regions: 0->0
[2021-01-26T11:17:43.333+0000][1.732s] GC(1) Metaspace: 15186K->15186K(1062912K)
[2021-01-26T11:17:43.333+0000][1.732s] GC(1) Pause Young (Normal) (G1 Evacuation Pause) 24M->3M(512M) 26.713ms
[2021-01-26T11:17:43.333+0000][1.732s] GC(1) User=0.02s Sys=0.00s Real=0.03s
[2021-01-26T11:17:44.154+0000][2.553s] GC(2) Pause Young (Concurrent Start) (Metadata GC Threshold)
[2021-01-26T11:17:44.154+0000][2.553s] GC(2) Using 1 workers of 1 for evacuation
[2021-01-26T11:17:44.183+0000][2.582s] GC(2)   Pre Evacuate Collection Set: 0.0ms
[2021-01-26T11:17:44.183+0000][2.582s] GC(2)   Evacuate Collection Set: 27.7ms
[2021-01-26T11:17:44.183+0000][2.582s] GC(2)   Post Evacuate Collection Set: 0.2ms
[2021-01-26T11:17:44.183+0000][2.582s] GC(2)   Other: 0.2ms
[2021-01-26T11:17:44.183+0000][2.582s] GC(2) Eden regions: 22->0(21)
[2021-01-26T11:17:44.183+0000][2.582s] GC(2) Survivor regions: 1->4(4)
[2021-01-26T11:17:44.183+0000][2.582s] GC(2) Old regions: 3->8
[2021-01-26T11:17:44.183+0000][2.582s] GC(2) Humongous regions: 4->4
[2021-01-26T11:17:44.183+0000][2.582s] GC(2) Metaspace: 20656K->20656K(1069056K)
[2021-01-26T11:17:44.183+0000][2.582s] GC(2) Pause Young (Concurrent Start) (Metadata GC Threshold) 29M->15M(512M) 28.285ms
[2021-01-26T11:17:44.183+0000][2.582s] GC(2) User=0.03s Sys=0.00s Real=0.03s
[2021-01-26T11:17:44.183+0000][2.582s] GC(3) Concurrent Cycle
[2021-01-26T11:17:44.183+0000][2.582s] GC(3) Concurrent Clear Claimed Marks
[2021-01-26T11:17:44.183+0000][2.582s] GC(3) Concurrent Clear Claimed Marks 0.021ms
[2021-01-26T11:17:44.183+0000][2.582s] GC(3) Concurrent Scan Root Regions
[2021-01-26T11:17:44.186+0000][2.585s] GC(3) Concurrent Scan Root Regions 3.053ms
[2021-01-26T11:17:44.186+0000][2.585s] GC(3) Concurrent Mark (2.585s)
[2021-01-26T11:17:44.186+0000][2.585s] GC(3) Concurrent Mark From Roots
[2021-01-26T11:17:44.186+0000][2.585s] GC(3) Using 1 workers of 1 for marking
[2021-01-26T11:17:44.243+0000][2.642s] GC(3) Concurrent Mark From Roots 56.612ms
[2021-01-26T11:17:44.243+0000][2.642s] GC(3) Concurrent Preclean
[2021-01-26T11:17:44.243+0000][2.642s] GC(3) Concurrent Preclean 0.050ms
[2021-01-26T11:17:44.243+0000][2.642s] GC(3) Concurrent Mark (2.585s, 2.642s) 56.721ms
[2021-01-26T11:17:44.243+0000][2.642s] GC(3) Pause Remark
[2021-01-26T11:17:44.247+0000][2.646s] GC(3) Cleaned string and symbol table, strings: 9900 processed, 3 removed, symbols: 68552 processed, 17 removed
[2021-01-26T11:17:44.247+0000][2.646s] GC(3) Pause Remark 16M->16M(512M) 3.959ms
[2021-01-26T11:17:44.247+0000][2.646s] GC(3) User=0.00s Sys=0.00s Real=0.00s
[2021-01-26T11:17:44.247+0000][2.646s] GC(3) Concurrent Rebuild Remembered Sets
[2021-01-26T11:17:44.278+0000][2.677s] GC(3) Concurrent Rebuild Remembered Sets 31.274ms
[2021-01-26T11:17:44.278+0000][2.677s] GC(3) Pause Cleanup
[2021-01-26T11:17:44.278+0000][2.677s] GC(3) Pause Cleanup 16M->16M(512M) 0.105ms
[2021-01-26T11:17:44.278+0000][2.677s] GC(3) User=0.00s Sys=0.00s Real=0.00s
[2021-01-26T11:17:44.278+0000][2.677s] GC(3) Concurrent Cleanup for Next Mark
[2021-01-26T11:17:44.285+0000][2.684s] GC(3) Concurrent Cleanup for Next Mark 6.569ms
[2021-01-26T11:17:44.285+0000][2.684s] GC(3) Concurrent Cycle 101.989ms
[2021-01-26T11:17:44.861+0000][3.260s] GC(4) Pause Young (Concurrent Start) (G1 Evacuation Pause)
[2021-01-26T11:17:44.861+0000][3.260s] GC(4) Using 1 workers of 1 for evacuation
[2021-01-26T11:17:44.879+0000][3.278s] GC(4)   Pre Evacuate Collection Set: 0.0ms
[2021-01-26T11:17:44.879+0000][3.278s] GC(4)   Evacuate Collection Set: 17.8ms
[2021-01-26T11:17:44.879+0000][3.278s] GC(4)   Post Evacuate Collection Set: 0.4ms
[2021-01-26T11:17:44.879+0000][3.278s] GC(4)   Other: 0.2ms
[2021-01-26T11:17:44.879+0000][3.278s] GC(4) Eden regions: 21->0(21)
[2021-01-26T11:17:44.879+0000][3.278s] GC(4) Survivor regions: 4->4(4)
[2021-01-26T11:17:44.879+0000][3.278s] GC(4) Old regions: 8->12
[2021-01-26T11:17:44.879+0000][3.278s] GC(4) Humongous regions: 4->4
[2021-01-26T11:17:44.879+0000][3.278s] GC(4) Metaspace: 24145K->24145K(1071104K)
[2021-01-26T11:17:44.880+0000][3.279s] GC(4) Pause Young (Concurrent Start) (G1 Evacuation Pause) 36M->19M(512M) 18.628ms
[2021-01-26T11:17:44.880+0000][3.279s] GC(4) User=0.01s Sys=0.01s Real=0.01s
[2021-01-26T11:17:44.880+0000][3.279s] GC(5) Concurrent Cycle
[2021-01-26T11:17:44.880+0000][3.279s] GC(5) Concurrent Clear Claimed Marks
[2021-01-26T11:17:44.880+0000][3.279s] GC(5) Concurrent Clear Claimed Marks 0.024ms
[2021-01-26T11:17:44.880+0000][3.279s] GC(5) Concurrent Scan Root Regions
[2021-01-26T11:17:44.882+0000][3.281s] GC(5) Concurrent Scan Root Regions 2.701ms
[2021-01-26T11:17:44.882+0000][3.281s] GC(5) Concurrent Mark (3.281s)
[2021-01-26T11:17:44.882+0000][3.281s] GC(5) Concurrent Mark From Roots
[2021-01-26T11:17:44.882+0000][3.281s] GC(5) Using 1 workers of 1 for marking
[2021-01-26T11:17:44.982+0000][3.381s] GC(5) Concurrent Mark From Roots 99.400ms
[2021-01-26T11:17:44.982+0000][3.381s] GC(5) Concurrent Preclean
[2021-01-26T11:17:44.982+0000][3.381s] GC(5) Concurrent Preclean 0.070ms
[2021-01-26T11:17:44.982+0000][3.381s] GC(5) Concurrent Mark (3.281s, 3.381s) 99.519ms
[2021-01-26T11:17:44.983+0000][3.382s] GC(5) Pause Remark
[2021-01-26T11:17:44.988+0000][3.387s] GC(5) Cleaned string and symbol table, strings: 11447 processed, 0 removed, symbols: 78010 processed, 4 removed
[2021-01-26T11:17:44.994+0000][3.393s] GC(5) Pause Remark 23M->23M(512M) 10.980ms
[2021-01-26T11:17:44.994+0000][3.393s] GC(5) User=0.01s Sys=0.00s Real=0.01s
[2021-01-26T11:17:44.994+0000][3.393s] GC(5) Concurrent Rebuild Remembered Sets
[2021-01-26T11:17:45.042+0000][3.441s] GC(5) Concurrent Rebuild Remembered Sets 48.004ms
[2021-01-26T11:17:45.042+0000][3.441s] GC(5) Pause Cleanup
[2021-01-26T11:17:45.042+0000][3.441s] GC(5) Pause Cleanup 26M->26M(512M) 0.118ms
[2021-01-26T11:17:45.042+0000][3.441s] GC(5) User=0.00s Sys=0.00s Real=0.00s
[2021-01-26T11:17:45.042+0000][3.441s] GC(5) Concurrent Cleanup for Next Mark
[2021-01-26T11:17:45.044+0000][3.443s] GC(5) Concurrent Cleanup for Next Mark 1.667ms
[2021-01-26T11:17:45.044+0000][3.443s] GC(5) Concurrent Cycle 164.283ms
[2021-01-26T11:17:45.498+0000][3.897s] GC(6) Pause Young (Normal) (G1 Evacuation Pause)
[2021-01-26T11:17:45.498+0000][3.897s] GC(6) Using 1 workers of 1 for evacuation
[2021-01-26T11:17:45.509+0000][3.908s] GC(6)   Pre Evacuate Collection Set: 0.0ms
[2021-01-26T11:17:45.509+0000][3.908s] GC(6)   Evacuate Collection Set: 10.6ms
[2021-01-26T11:17:45.509+0000][3.908s] GC(6)   Post Evacuate Collection Set: 0.5ms
[2021-01-26T11:17:45.509+0000][3.908s] GC(6)   Other: 0.2ms
[2021-01-26T11:17:45.509+0000][3.908s] GC(6) Eden regions: 21->0(24)
[2021-01-26T11:17:45.509+0000][3.908s] GC(6) Survivor regions: 4->4(4)
[2021-01-26T11:17:45.509+0000][3.908s] GC(6) Old regions: 12->16
[2021-01-26T11:17:45.509+0000][3.908s] GC(6) Humongous regions: 4->4
[2021-01-26T11:17:45.509+0000][3.908s] GC(6) Metaspace: 26182K->26182K(1073152K)
[2021-01-26T11:17:45.509+0000][3.908s] GC(6) Pause Young (Normal) (G1 Evacuation Pause) 40M->23M(512M) 11.371ms
[2021-01-26T11:17:45.509+0000][3.908s] GC(6) User=0.01s Sys=0.01s Real=0.02s
[2021-01-26T11:17:45.853+0000][4.252s] GC(7) Pause Young (Normal) (G1 Evacuation Pause)
[2021-01-26T11:17:45.853+0000][4.252s] GC(7) Using 1 workers of 1 for evacuation
[2021-01-26T11:17:45.864+0000][4.263s] GC(7)   Pre Evacuate Collection Set: 0.0ms
[2021-01-26T11:17:45.864+0000][4.263s] GC(7)   Evacuate Collection Set: 6.8ms
[2021-01-26T11:17:45.864+0000][4.263s] GC(7)   Post Evacuate Collection Set: 3.7ms
[2021-01-26T11:17:45.864+0000][4.263s] GC(7)   Other: 0.2ms
[2021-01-26T11:17:45.864+0000][4.263s] GC(7) Eden regions: 24->0(33)
[2021-01-26T11:17:45.864+0000][4.263s] GC(7) Survivor regions: 4->1(4)
[2021-01-26T11:17:45.864+0000][4.263s] GC(7) Old regions: 16->19
[2021-01-26T11:17:45.864+0000][4.263s] GC(7) Humongous regions: 4->4
[2021-01-26T11:17:45.864+0000][4.263s] GC(7) Metaspace: 29983K->29983K(1077248K)
[2021-01-26T11:17:45.864+0000][4.263s] GC(7) Pause Young (Normal) (G1 Evacuation Pause) 47M->23M(512M) 10.708ms
[2021-01-26T11:17:45.864+0000][4.263s] GC(7) User=0.01s Sys=0.01s Real=0.01s
[2021-01-26T11:17:47.085+0000][5.484s] GC(8) Pause Young (Normal) (G1 Evacuation Pause)
[2021-01-26T11:17:47.085+0000][5.484s] GC(8) Using 1 workers of 1 for evacuation
[2021-01-26T11:17:47.089+0000][5.488s] GC(8)   Pre Evacuate Collection Set: 0.0ms
[2021-01-26T11:17:47.089+0000][5.488s] GC(8)   Evacuate Collection Set: 3.5ms
[2021-01-26T11:17:47.089+0000][5.488s] GC(8)   Post Evacuate Collection Set: 0.2ms
[2021-01-26T11:17:47.089+0000][5.488s] GC(8)   Other: 0.2ms
[2021-01-26T11:17:47.089+0000][5.488s] GC(8) Eden regions: 33->0(52)
[2021-01-26T11:17:47.089+0000][5.488s] GC(8) Survivor regions: 1->1(5)
[2021-01-26T11:17:47.089+0000][5.488s] GC(8) Old regions: 19->19
[2021-01-26T11:17:47.089+0000][5.488s] GC(8) Humongous regions: 4->4
[2021-01-26T11:17:47.089+0000][5.488s] GC(8) Metaspace: 32383K->32383K(1079296K)
[2021-01-26T11:17:47.089+0000][5.488s] GC(8) Pause Young (Normal) (G1 Evacuation Pause) 56M->23M(512M) 3.884ms
[2021-01-26T11:17:47.089+0000][5.488s] GC(8) User=0.00s Sys=0.00s Real=0.01s
[2021-01-26T11:17:48.536+0000][6.935s] GC(9) Pause Young (Normal) (G1 Evacuation Pause)
[2021-01-26T11:17:48.536+0000][6.935s] GC(9) Using 1 workers of 1 for evacuation
[2021-01-26T11:17:48.555+0000][6.954s] GC(9)   Pre Evacuate Collection Set: 0.0ms
[2021-01-26T11:17:48.555+0000][6.954s] GC(9)   Evacuate Collection Set: 18.1ms
[2021-01-26T11:17:48.555+0000][6.954s] GC(9)   Post Evacuate Collection Set: 0.3ms
[2021-01-26T11:17:48.555+0000][6.954s] GC(9)   Other: 0.2ms
[2021-01-26T11:17:48.555+0000][6.954s] GC(9) Eden regions: 52->0(61)
[2021-01-26T11:17:48.555+0000][6.954s] GC(9) Survivor regions: 1->5(7)
[2021-01-26T11:17:48.555+0000][6.954s] GC(9) Old regions: 19->19
[2021-01-26T11:17:48.555+0000][6.954s] GC(9) Humongous regions: 4->4
[2021-01-26T11:17:48.555+0000][6.954s] GC(9) Metaspace: 39790K->39790K(1085440K)
[2021-01-26T11:17:48.555+0000][6.954s] GC(9) Pause Young (Normal) (G1 Evacuation Pause) 75M->26M(512M) 18.687ms
[2021-01-26T11:17:48.555+0000][6.954s] GC(9) User=0.01s Sys=0.00s Real=0.02s
[2021-01-26T11:17:48.740+0000][7.139s] GC(10) Pause Young (Concurrent Start) (Metadata GC Threshold)
[2021-01-26T11:17:48.740+0000][7.139s] GC(10) Using 1 workers of 1 for evacuation
[2021-01-26T11:17:48.761+0000][7.160s] GC(10)   Pre Evacuate Collection Set: 0.1ms
[2021-01-26T11:17:48.761+0000][7.160s] GC(10)   Evacuate Collection Set: 19.1ms
[2021-01-26T11:17:48.761+0000][7.160s] GC(10)   Post Evacuate Collection Set: 1.9ms
[2021-01-26T11:17:48.761+0000][7.160s] GC(10)   Other: 0.2ms
[2021-01-26T11:17:48.761+0000][7.160s] GC(10) Eden regions: 9->0(66)
[2021-01-26T11:17:48.761+0000][7.160s] GC(10) Survivor regions: 5->5(9)
[2021-01-26T11:17:48.761+0000][7.160s] GC(10) Old regions: 19->19
[2021-01-26T11:17:48.761+0000][7.160s] GC(10) Humongous regions: 4->4
[2021-01-26T11:17:48.761+0000][7.160s] GC(10) Metaspace: 40598K->40598K(1085440K)
[2021-01-26T11:17:48.761+0000][7.160s] GC(10) Pause Young (Concurrent Start) (Metadata GC Threshold) 35M->27M(512M) 21.440ms
[2021-01-26T11:17:48.761+0000][7.160s] GC(10) User=0.03s Sys=0.00s Real=0.03s
[2021-01-26T11:17:48.761+0000][7.160s] GC(11) Concurrent Cycle
[2021-01-26T11:17:48.761+0000][7.160s] GC(11) Concurrent Clear Claimed Marks
[2021-01-26T11:17:48.761+0000][7.160s] GC(11) Concurrent Clear Claimed Marks 0.027ms
[2021-01-26T11:17:48.762+0000][7.161s] GC(11) Concurrent Scan Root Regions
[2021-01-26T11:17:48.764+0000][7.163s] GC(11) Concurrent Scan Root Regions 2.789ms
[2021-01-26T11:17:48.764+0000][7.163s] GC(11) Concurrent Mark (7.163s)
[2021-01-26T11:17:48.764+0000][7.163s] GC(11) Concurrent Mark From Roots
[2021-01-26T11:17:48.764+0000][7.163s] GC(11) Using 1 workers of 1 for marking
[2021-01-26T11:17:48.944+0000][7.343s] GC(11) Concurrent Mark From Roots 179.712ms
[2021-01-26T11:17:48.944+0000][7.343s] GC(11) Concurrent Preclean
[2021-01-26T11:17:48.944+0000][7.343s] GC(11) Concurrent Preclean 0.061ms
[2021-01-26T11:17:48.944+0000][7.343s] GC(11) Concurrent Mark (7.163s, 7.343s) 179.828ms
[2021-01-26T11:17:48.947+0000][7.346s] GC(11) Pause Remark
[2021-01-26T11:17:48.957+0000][7.356s] GC(11) Cleaned string and symbol table, strings: 18258 processed, 24 removed, symbols: 131336 processed, 85 removed
[2021-01-26T11:17:48.957+0000][7.356s] GC(11) Pause Remark 40M->40M(512M) 10.165ms
[2021-01-26T11:17:48.957+0000][7.356s] GC(11) User=0.01s Sys=0.00s Real=0.01s
[2021-01-26T11:17:48.961+0000][7.360s] GC(11) Concurrent Rebuild Remembered Sets
[2021-01-26T11:17:49.056+0000][7.455s] GC(11) Concurrent Rebuild Remembered Sets 95.196ms
[2021-01-26T11:17:49.056+0000][7.455s] GC(11) Pause Cleanup
[2021-01-26T11:17:49.056+0000][7.455s] GC(11) Pause Cleanup 55M->55M(512M) 0.104ms
[2021-01-26T11:17:49.056+0000][7.455s] GC(11) User=0.00s Sys=0.00s Real=0.00s
[2021-01-26T11:17:49.056+0000][7.455s] GC(11) Concurrent Cleanup for Next Mark
[2021-01-26T11:17:49.066+0000][7.465s] GC(11) Concurrent Cleanup for Next Mark 9.566ms
[2021-01-26T11:17:49.066+0000][7.465s] GC(11) Concurrent Cycle 304.365ms
[2021-01-26T11:17:49.343+0000][7.742s] GC(12) Pause Young (Normal) (G1 Evacuation Pause)
[2021-01-26T11:17:49.343+0000][7.742s] GC(12) Using 1 workers of 1 for evacuation
[2021-01-26T11:17:49.362+0000][7.761s] GC(12)   Pre Evacuate Collection Set: 0.0ms
[2021-01-26T11:17:49.362+0000][7.761s] GC(12)   Evacuate Collection Set: 19.3ms
[2021-01-26T11:17:49.362+0000][7.761s] GC(12)   Post Evacuate Collection Set: 0.3ms
[2021-01-26T11:17:49.362+0000][7.761s] GC(12)   Other: 0.2ms
[2021-01-26T11:17:49.362+0000][7.761s] GC(12) Eden regions: 68->0(301)
[2021-01-26T11:17:49.362+0000][7.761s] GC(12) Survivor regions: 5->6(10)
[2021-01-26T11:17:49.362+0000][7.761s] GC(12) Old regions: 19->19
[2021-01-26T11:17:49.362+0000][7.761s] GC(12) Humongous regions: 4->4
[2021-01-26T11:17:49.362+0000][7.761s] GC(12) Metaspace: 42083K->42083K(1087488K)
[2021-01-26T11:17:49.362+0000][7.761s] GC(12) Pause Young (Normal) (G1 Evacuation Pause) 95M->28M(512M) 19.829ms
[2021-01-26T11:17:49.362+0000][7.761s] GC(12) User=0.02s Sys=0.00s Real=0.02s
[2021-01-26T11:17:50.780+0000][9.179s] GC(13) Pause Young (Normal) (G1 Evacuation Pause)
[2021-01-26T11:17:50.780+0000][9.179s] GC(13) Using 1 workers of 1 for evacuation
[2021-01-26T11:17:50.809+0000][9.208s] GC(13)   Pre Evacuate Collection Set: 0.0ms
[2021-01-26T11:17:50.809+0000][9.208s] GC(13)   Evacuate Collection Set: 28.1ms
[2021-01-26T11:17:50.809+0000][9.208s] GC(13)   Post Evacuate Collection Set: 0.7ms
[2021-01-26T11:17:50.809+0000][9.208s] GC(13)   Other: 0.2ms
[2021-01-26T11:17:50.809+0000][9.208s] GC(13) Eden regions: 301->0(298)
[2021-01-26T11:17:50.809+0000][9.208s] GC(13) Survivor regions: 6->9(39)
[2021-01-26T11:17:50.809+0000][9.208s] GC(13) Old regions: 19->19
[2021-01-26T11:17:50.810+0000][9.208s] GC(13) Humongous regions: 5->4
[2021-01-26T11:17:50.810+0000][9.209s] GC(13) Metaspace: 44935K->44935K(1089536K)
[2021-01-26T11:17:50.810+0000][9.209s] GC(13) Pause Young (Normal) (G1 Evacuation Pause) 330M->31M(512M) 29.170ms
[2021-01-26T11:17:50.810+0000][9.209s] GC(13) User=0.02s Sys=0.00s Real=0.04s
[2021-01-26T12:29:56.224+0000][4334.623s] GC(14) Pause Young (Normal) (G1 Evacuation Pause)
[2021-01-26T12:29:56.224+0000][4334.623s] GC(14) Using 1 workers of 1 for evacuation
[2021-01-26T12:29:56.285+0000][4334.684s] GC(14)   Pre Evacuate Collection Set: 0.0ms
[2021-01-26T12:29:56.285+0000][4334.684s] GC(14)   Evacuate Collection Set: 59.7ms
[2021-01-26T12:29:56.285+0000][4334.684s] GC(14)   Post Evacuate Collection Set: 0.9ms
[2021-01-26T12:29:56.285+0000][4334.684s] GC(14)   Other: 0.2ms
[2021-01-26T12:29:56.285+0000][4334.684s] GC(14) Eden regions: 298->0(286)
[2021-01-26T12:29:56.285+0000][4334.684s] GC(14) Survivor regions: 9->21(39)
[2021-01-26T12:29:56.285+0000][4334.684s] GC(14) Old regions: 19->19
[2021-01-26T12:29:56.285+0000][4334.684s] GC(14) Humongous regions: 7->7
[2021-01-26T12:29:56.285+0000][4334.684s] GC(14) Metaspace: 59366K->59366K(1103872K)
[2021-01-26T12:29:56.285+0000][4334.684s] GC(14) Pause Young (Normal) (G1 Evacuation Pause) 332M->46M(512M) 60.943ms
[2021-01-26T12:29:56.285+0000][4334.684s] GC(14) User=0.06s Sys=0.00s Real=0.06s
[2021-01-26T12:40:41.459+0000][4979.858s] GC(15) Pause Young (Normal) (G1 Evacuation Pause)
[2021-01-26T12:40:41.459+0000][4979.858s] GC(15) Using 1 workers of 1 for evacuation
[2021-01-26T12:40:41.502+0000][4979.901s] GC(15)   Pre Evacuate Collection Set: 0.0ms
[2021-01-26T12:40:41.502+0000][4979.901s] GC(15)   Evacuate Collection Set: 41.9ms
[2021-01-26T12:40:41.502+0000][4979.901s] GC(15)   Post Evacuate Collection Set: 0.8ms
[2021-01-26T12:40:41.502+0000][4979.901s] GC(15)   Other: 0.2ms
[2021-01-26T12:40:41.502+0000][4979.901s] GC(15) Eden regions: 286->0(292)
[2021-01-26T12:40:41.502+0000][4979.901s] GC(15) Survivor regions: 21->15(39)
[2021-01-26T12:40:41.502+0000][4979.901s] GC(15) Old regions: 19->23
[2021-01-26T12:40:41.502+0000][4979.901s] GC(15) Humongous regions: 7->7
[2021-01-26T12:40:41.502+0000][4979.901s] GC(15) Metaspace: 60139K->60139K(1103872K)
[2021-01-26T12:40:41.502+0000][4979.901s] GC(15) Pause Young (Normal) (G1 Evacuation Pause) 332M->44M(512M) 43.077ms
[2021-01-26T12:40:41.502+0000][4979.901s] GC(15) User=0.04s Sys=0.01s Real=0.05s
[2021-01-26T19:58:20.191+0000][31238.590s] GC(16) Pause Young (Normal) (G1 Evacuation Pause)
[2021-01-26T19:58:20.192+0000][31238.591s] GC(16) Using 1 workers of 1 for evacuation
[2021-01-26T19:58:20.224+0000][31238.623s] GC(16)   Pre Evacuate Collection Set: 0.0ms
[2021-01-26T19:58:20.224+0000][31238.623s] GC(16)   Evacuate Collection Set: 31.7ms
[2021-01-26T19:58:20.224+0000][31238.623s] GC(16)   Post Evacuate Collection Set: 0.8ms
[2021-01-26T19:58:20.224+0000][31238.623s] GC(16)   Other: 0.8ms
[2021-01-26T19:58:20.224+0000][31238.623s] GC(16) Eden regions: 292->0(292)
[2021-01-26T19:58:20.224+0000][31238.623s] GC(16) Survivor regions: 15->15(39)
[2021-01-26T19:58:20.224+0000][31238.623s] GC(16) Old regions: 23->23
[2021-01-26T19:58:20.224+0000][31238.623s] GC(16) Humongous regions: 7->7
[2021-01-26T19:58:20.224+0000][31238.623s] GC(16) Metaspace: 60859K->60859K(1103872K)
[2021-01-26T19:58:20.224+0000][31238.623s] GC(16) Pause Young (Normal) (G1 Evacuation Pause) 336M->44M(512M) 33.411ms
[2021-01-26T19:58:20.224+0000][31238.623s] GC(16) User=0.03s Sys=0.00s Real=0.03s
[2021-01-27T04:00:22.094+0000][60160.493s] GC(17) Pause Young (Normal) (G1 Evacuation Pause)
[2021-01-27T04:00:22.096+0000][60160.495s] GC(17) Using 1 workers of 1 for evacuation
[2021-01-27T04:00:22.128+0000][60160.527s] GC(17)   Pre Evacuate Collection Set: 0.0ms
[2021-01-27T04:00:22.128+0000][60160.527s] GC(17)   Evacuate Collection Set: 31.7ms
[2021-01-27T04:00:22.128+0000][60160.527s] GC(17)   Post Evacuate Collection Set: 0.8ms
[2021-01-27T04:00:22.129+0000][60160.528s] GC(17)   Other: 1.9ms
[2021-01-27T04:00:22.129+0000][60160.528s] GC(17) Eden regions: 292->0(292)
[2021-01-27T04:00:22.129+0000][60160.528s] GC(17) Survivor regions: 15->15(39)
[2021-01-27T04:00:22.129+0000][60160.528s] GC(17) Old regions: 23->23
[2021-01-27T04:00:22.129+0000][60160.528s] GC(17) Humongous regions: 7->7
[2021-01-27T04:00:22.129+0000][60160.528s] GC(17) Metaspace: 60972K->60972K(1103872K)
[2021-01-27T04:00:22.129+0000][60160.528s] GC(17) Pause Young (Normal) (G1 Evacuation Pause) 336M->44M(512M) 35.089ms
[2021-01-27T04:00:22.129+0000][60160.528s] GC(17) User=0.03s Sys=0.00s Real=0.04s
[2021-01-27T12:00:25.310+0000][88963.709s] GC(18) Pause Young (Normal) (G1 Evacuation Pause)
[2021-01-27T12:00:25.310+0000][88963.709s] GC(18) Using 1 workers of 1 for evacuation
[2021-01-27T12:00:25.342+0000][88963.741s] GC(18)   Pre Evacuate Collection Set: 0.0ms
[2021-01-27T12:00:25.342+0000][88963.741s] GC(18)   Evacuate Collection Set: 31.0ms
[2021-01-27T12:00:25.342+0000][88963.741s] GC(18)   Post Evacuate Collection Set: 0.8ms
[2021-01-27T12:00:25.342+0000][88963.741s] GC(18)   Other: 0.2ms
[2021-01-27T12:00:25.342+0000][88963.741s] GC(18) Eden regions: 292->0(292)
[2021-01-27T12:00:25.342+0000][88963.741s] GC(18) Survivor regions: 15->15(39)
[2021-01-27T12:00:25.342+0000][88963.741s] GC(18) Old regions: 23->23
[2021-01-27T12:00:25.342+0000][88963.741s] GC(18) Humongous regions: 7->7
[2021-01-27T12:00:25.342+0000][88963.741s] GC(18) Metaspace: 61120K->61120K(1103872K)
[2021-01-27T12:00:25.342+0000][88963.741s] GC(18) Pause Young (Normal) (G1 Evacuation Pause) 336M->44M(512M) 32.113ms
[2021-01-27T12:00:25.342+0000][88963.741s] GC(18) User=0.03s Sys=0.00s Real=0.03s
