[2021-01-26T09:30:00.143+0000][0.018s] Heap region size: 1M
[2021-01-26T09:30:00.184+0000][0.059s] Using G1
[2021-01-26T09:30:00.184+0000][0.059s] Heap address: 0x00000000e0000000, size: 512 MB, Compressed Oops mode: 32-bit
[2021-01-26T09:30:01.483+0000][1.358s] GC(0) Pause Young (Normal) (G1 Evacuation Pause)
[2021-01-26T09:30:01.483+0000][1.358s] GC(0) Using 1 workers of 1 for evacuation
[2021-01-26T09:30:01.493+0000][1.368s] GC(0)   Pre Evacuate Collection Set: 0.0ms
[2021-01-26T09:30:01.493+0000][1.368s] GC(0)   Evacuate Collection Set: 8.2ms
[2021-01-26T09:30:01.493+0000][1.368s] GC(0)   Post Evacuate Collection Set: 1.6ms
[2021-01-26T09:30:01.493+0000][1.368s] GC(0)   Other: 0.2ms
[2021-01-26T09:30:01.493+0000][1.368s] GC(0) Eden regions: 25->0(22)
[2021-01-26T09:30:01.493+0000][1.368s] GC(0) Survivor regions: 0->3(4)
[2021-01-26T09:30:01.493+0000][1.368s] GC(0) Old regions: 0->0
[2021-01-26T09:30:01.493+0000][1.368s] GC(0) Humongous regions: 0->0
[2021-01-26T09:30:01.493+0000][1.368s] GC(0) Metaspace: 12067K->12067K(1060864K)
[2021-01-26T09:30:01.493+0000][1.368s] GC(0) Pause Young (Normal) (G1 Evacuation Pause) 25M->2M(512M) 10.064ms
[2021-01-26T09:30:01.493+0000][1.368s] GC(0) User=0.01s Sys=0.00s Real=0.01s
[2021-01-26T09:30:02.210+0000][2.085s] GC(1) Pause Young (Normal) (G1 Evacuation Pause)
[2021-01-26T09:30:02.210+0000][2.085s] GC(1) Using 1 workers of 1 for evacuation
[2021-01-26T09:30:02.222+0000][2.097s] GC(1)   Pre Evacuate Collection Set: 0.0ms
[2021-01-26T09:30:02.222+0000][2.097s] GC(1)   Evacuate Collection Set: 11.2ms
[2021-01-26T09:30:02.222+0000][2.097s] GC(1)   Post Evacuate Collection Set: 0.3ms
[2021-01-26T09:30:02.222+0000][2.097s] GC(1)   Other: 0.2ms
[2021-01-26T09:30:02.222+0000][2.097s] GC(1) Eden regions: 22->0(24)
[2021-01-26T09:30:02.222+0000][2.097s] GC(1) Survivor regions: 3->1(4)
[2021-01-26T09:30:02.222+0000][2.097s] GC(1) Old regions: 0->3
[2021-01-26T09:30:02.222+0000][2.097s] GC(1) Humongous regions: 0->0
[2021-01-26T09:30:02.222+0000][2.097s] GC(1) Metaspace: 15200K->15200K(1062912K)
[2021-01-26T09:30:02.222+0000][2.097s] GC(1) Pause Young (Normal) (G1 Evacuation Pause) 24M->3M(512M) 11.733ms
[2021-01-26T09:30:02.222+0000][2.097s] GC(1) User=0.01s Sys=0.00s Real=0.01s
[2021-01-26T09:30:03.244+0000][3.119s] GC(2) Pause Young (Concurrent Start) (Metadata GC Threshold)
[2021-01-26T09:30:03.244+0000][3.119s] GC(2) Using 1 workers of 1 for evacuation
[2021-01-26T09:30:03.273+0000][3.148s] GC(2)   Pre Evacuate Collection Set: 0.0ms
[2021-01-26T09:30:03.273+0000][3.148s] GC(2)   Evacuate Collection Set: 28.3ms
[2021-01-26T09:30:03.273+0000][3.148s] GC(2)   Post Evacuate Collection Set: 0.3ms
[2021-01-26T09:30:03.273+0000][3.148s] GC(2)   Other: 0.3ms
[2021-01-26T09:30:03.273+0000][3.148s] GC(2) Eden regions: 22->0(21)
[2021-01-26T09:30:03.273+0000][3.148s] GC(2) Survivor regions: 1->4(4)
[2021-01-26T09:30:03.273+0000][3.148s] GC(2) Old regions: 3->8
[2021-01-26T09:30:03.273+0000][3.148s] GC(2) Humongous regions: 4->4
[2021-01-26T09:30:03.273+0000][3.148s] GC(2) Metaspace: 20741K->20741K(1069056K)
[2021-01-26T09:30:03.273+0000][3.148s] GC(2) Pause Young (Concurrent Start) (Metadata GC Threshold) 29M->15M(512M) 29.062ms
[2021-01-26T09:30:03.273+0000][3.148s] GC(2) User=0.03s Sys=0.00s Real=0.03s
[2021-01-26T09:30:03.273+0000][3.148s] GC(3) Concurrent Cycle
[2021-01-26T09:30:03.273+0000][3.148s] GC(3) Concurrent Clear Claimed Marks
[2021-01-26T09:30:03.273+0000][3.148s] GC(3) Concurrent Clear Claimed Marks 0.040ms
[2021-01-26T09:30:03.273+0000][3.148s] GC(3) Concurrent Scan Root Regions
[2021-01-26T09:30:03.276+0000][3.151s] GC(3) Concurrent Scan Root Regions 2.922ms
[2021-01-26T09:30:03.276+0000][3.151s] GC(3) Concurrent Mark (3.151s)
[2021-01-26T09:30:03.276+0000][3.151s] GC(3) Concurrent Mark From Roots
[2021-01-26T09:30:03.276+0000][3.151s] GC(3) Using 1 workers of 1 for marking
[2021-01-26T09:30:03.342+0000][3.217s] GC(3) Concurrent Mark From Roots 65.576ms
[2021-01-26T09:30:03.342+0000][3.217s] GC(3) Concurrent Preclean
[2021-01-26T09:30:03.342+0000][3.217s] GC(3) Concurrent Preclean 0.059ms
[2021-01-26T09:30:03.342+0000][3.217s] GC(3) Concurrent Mark (3.151s, 3.217s) 65.700ms
[2021-01-26T09:30:03.342+0000][3.217s] GC(3) Pause Remark
[2021-01-26T09:30:03.347+0000][3.222s] GC(3) Cleaned string and symbol table, strings: 9938 processed, 3 removed, symbols: 69040 processed, 17 removed
[2021-01-26T09:30:03.347+0000][3.222s] GC(3) Pause Remark 16M->16M(512M) 4.707ms
[2021-01-26T09:30:03.347+0000][3.222s] GC(3) User=0.00s Sys=0.00s Real=0.00s
[2021-01-26T09:30:03.347+0000][3.222s] GC(3) Concurrent Rebuild Remembered Sets
[2021-01-26T09:30:03.383+0000][3.258s] GC(3) Concurrent Rebuild Remembered Sets 35.928ms
[2021-01-26T09:30:03.383+0000][3.258s] GC(3) Pause Cleanup
[2021-01-26T09:30:03.383+0000][3.258s] GC(3) Pause Cleanup 17M->17M(512M) 0.121ms
[2021-01-26T09:30:03.383+0000][3.258s] GC(3) User=0.00s Sys=0.00s Real=0.00s
[2021-01-26T09:30:03.383+0000][3.258s] GC(3) Concurrent Cleanup for Next Mark
[2021-01-26T09:30:03.394+0000][3.269s] GC(3) Concurrent Cleanup for Next Mark 11.136ms
[2021-01-26T09:30:03.394+0000][3.269s] GC(3) Concurrent Cycle 120.885ms
[2021-01-26T09:30:04.129+0000][4.004s] GC(4) Pause Young (Concurrent Start) (G1 Evacuation Pause)
[2021-01-26T09:30:04.129+0000][4.004s] GC(4) Using 1 workers of 1 for evacuation
[2021-01-26T09:30:04.152+0000][4.027s] GC(4)   Pre Evacuate Collection Set: 0.0ms
[2021-01-26T09:30:04.152+0000][4.027s] GC(4)   Evacuate Collection Set: 22.5ms
[2021-01-26T09:30:04.152+0000][4.027s] GC(4)   Post Evacuate Collection Set: 0.5ms
[2021-01-26T09:30:04.152+0000][4.028s] GC(4)   Other: 0.2ms
[2021-01-26T09:30:04.152+0000][4.028s] GC(4) Eden regions: 21->0(21)
[2021-01-26T09:30:04.152+0000][4.028s] GC(4) Survivor regions: 4->4(4)
[2021-01-26T09:30:04.152+0000][4.028s] GC(4) Old regions: 8->12
[2021-01-26T09:30:04.152+0000][4.028s] GC(4) Humongous regions: 4->4
[2021-01-26T09:30:04.152+0000][4.028s] GC(4) Metaspace: 24132K->24132K(1071104K)
[2021-01-26T09:30:04.152+0000][4.028s] GC(4) Pause Young (Concurrent Start) (G1 Evacuation Pause) 36M->20M(512M) 23.379ms
[2021-01-26T09:30:04.152+0000][4.028s] GC(4) User=0.01s Sys=0.01s Real=0.02s
[2021-01-26T09:30:04.152+0000][4.028s] GC(5) Concurrent Cycle
[2021-01-26T09:30:04.152+0000][4.028s] GC(5) Concurrent Clear Claimed Marks
[2021-01-26T09:30:04.152+0000][4.028s] GC(5) Concurrent Clear Claimed Marks 0.024ms
[2021-01-26T09:30:04.152+0000][4.028s] GC(5) Concurrent Scan Root Regions
[2021-01-26T09:30:04.154+0000][4.030s] GC(5) Concurrent Scan Root Regions 1.983ms
[2021-01-26T09:30:04.154+0000][4.030s] GC(5) Concurrent Mark (4.030s)
[2021-01-26T09:30:04.154+0000][4.030s] GC(5) Concurrent Mark From Roots
[2021-01-26T09:30:04.154+0000][4.030s] GC(5) Using 1 workers of 1 for marking
[2021-01-26T09:30:04.190+0000][4.065s] GC(5) Concurrent Mark From Roots 35.759ms
[2021-01-26T09:30:04.190+0000][4.065s] GC(5) Concurrent Preclean
[2021-01-26T09:30:04.190+0000][4.066s] GC(5) Concurrent Preclean 0.056ms
[2021-01-26T09:30:04.190+0000][4.066s] GC(5) Concurrent Mark (4.030s, 4.066s) 35.870ms
[2021-01-26T09:30:04.190+0000][4.066s] GC(5) Pause Remark
[2021-01-26T09:30:04.196+0000][4.071s] GC(5) Cleaned string and symbol table, strings: 11435 processed, 0 removed, symbols: 78010 processed, 4 removed
[2021-01-26T09:30:04.196+0000][4.071s] GC(5) Pause Remark 21M->21M(512M) 5.548ms
[2021-01-26T09:30:04.196+0000][4.071s] GC(5) User=0.01s Sys=0.00s Real=0.00s
[2021-01-26T09:30:04.196+0000][4.071s] GC(5) Concurrent Rebuild Remembered Sets
[2021-01-26T09:30:04.229+0000][4.104s] GC(5) Concurrent Rebuild Remembered Sets 32.833ms
[2021-01-26T09:30:04.229+0000][4.104s] GC(5) Pause Cleanup
[2021-01-26T09:30:04.229+0000][4.104s] GC(5) Pause Cleanup 22M->22M(512M) 0.109ms
[2021-01-26T09:30:04.229+0000][4.104s] GC(5) User=0.00s Sys=0.00s Real=0.00s
[2021-01-26T09:30:04.229+0000][4.104s] GC(5) Concurrent Cleanup for Next Mark
[2021-01-26T09:30:04.231+0000][4.106s] GC(5) Concurrent Cleanup for Next Mark 1.765ms
[2021-01-26T09:30:04.231+0000][4.106s] GC(5) Concurrent Cycle 78.523ms
[2021-01-26T09:30:04.937+0000][4.812s] GC(6) Pause Young (Normal) (G1 Evacuation Pause)
[2021-01-26T09:30:04.937+0000][4.812s] GC(6) Using 1 workers of 1 for evacuation
[2021-01-26T09:30:04.948+0000][4.824s] GC(6)   Pre Evacuate Collection Set: 0.0ms
[2021-01-26T09:30:04.948+0000][4.824s] GC(6)   Evacuate Collection Set: 10.6ms
[2021-01-26T09:30:04.948+0000][4.824s] GC(6)   Post Evacuate Collection Set: 0.5ms
[2021-01-26T09:30:04.948+0000][4.824s] GC(6)   Other: 0.2ms
[2021-01-26T09:30:04.948+0000][4.824s] GC(6) Eden regions: 21->0(24)
[2021-01-26T09:30:04.948+0000][4.824s] GC(6) Survivor regions: 4->4(4)
[2021-01-26T09:30:04.948+0000][4.824s] GC(6) Old regions: 12->16
[2021-01-26T09:30:04.948+0000][4.824s] GC(6) Humongous regions: 4->4
[2021-01-26T09:30:04.948+0000][4.824s] GC(6) Metaspace: 26282K->26282K(1073152K)
[2021-01-26T09:30:04.948+0000][4.824s] GC(6) Pause Young (Normal) (G1 Evacuation Pause) 41M->23M(512M) 11.399ms
[2021-01-26T09:30:04.948+0000][4.824s] GC(6) User=0.01s Sys=0.00s Real=0.01s
[2021-01-26T09:30:05.389+0000][5.264s] GC(7) Pause Young (Normal) (G1 Evacuation Pause)
[2021-01-26T09:30:05.389+0000][5.264s] GC(7) Using 1 workers of 1 for evacuation
[2021-01-26T09:30:05.396+0000][5.271s] GC(7)   Pre Evacuate Collection Set: 0.0ms
[2021-01-26T09:30:05.396+0000][5.271s] GC(7)   Evacuate Collection Set: 6.7ms
[2021-01-26T09:30:05.396+0000][5.271s] GC(7)   Post Evacuate Collection Set: 0.2ms
[2021-01-26T09:30:05.396+0000][5.271s] GC(7)   Other: 0.2ms
[2021-01-26T09:30:05.396+0000][5.271s] GC(7) Eden regions: 24->0(35)
[2021-01-26T09:30:05.396+0000][5.271s] GC(7) Survivor regions: 4->1(4)
[2021-01-26T09:30:05.396+0000][5.271s] GC(7) Old regions: 16->19
[2021-01-26T09:30:05.396+0000][5.271s] GC(7) Humongous regions: 4->4
[2021-01-26T09:30:05.396+0000][5.271s] GC(7) Metaspace: 30048K->30048K(1077248K)
[2021-01-26T09:30:05.396+0000][5.271s] GC(7) Pause Young (Normal) (G1 Evacuation Pause) 47M->23M(512M) 7.075ms
[2021-01-26T09:30:05.396+0000][5.271s] GC(7) User=0.01s Sys=0.00s Real=0.00s
[2021-01-26T09:30:06.681+0000][6.556s] GC(8) Pause Young (Normal) (G1 Evacuation Pause)
[2021-01-26T09:30:06.681+0000][6.556s] GC(8) Using 1 workers of 1 for evacuation
[2021-01-26T09:30:06.691+0000][6.566s] GC(8)   Pre Evacuate Collection Set: 0.0ms
[2021-01-26T09:30:06.691+0000][6.566s] GC(8)   Evacuate Collection Set: 9.7ms
[2021-01-26T09:30:06.691+0000][6.566s] GC(8)   Post Evacuate Collection Set: 0.2ms
[2021-01-26T09:30:06.691+0000][6.566s] GC(8)   Other: 0.2ms
[2021-01-26T09:30:06.691+0000][6.566s] GC(8) Eden regions: 35->0(54)
[2021-01-26T09:30:06.691+0000][6.566s] GC(8) Survivor regions: 1->2(5)
[2021-01-26T09:30:06.691+0000][6.566s] GC(8) Old regions: 19->19
[2021-01-26T09:30:06.691+0000][6.566s] GC(8) Humongous regions: 4->4
[2021-01-26T09:30:06.691+0000][6.566s] GC(8) Metaspace: 34306K->34306K(1081344K)
[2021-01-26T09:30:06.691+0000][6.566s] GC(8) Pause Young (Normal) (G1 Evacuation Pause) 58M->24M(512M) 10.205ms
[2021-01-26T09:30:06.691+0000][6.566s] GC(8) User=0.01s Sys=0.00s Real=0.01s
[2021-01-26T09:30:08.129+0000][8.004s] GC(9) Pause Young (Concurrent Start) (Metadata GC Threshold)
[2021-01-26T09:30:08.129+0000][8.004s] GC(9) Using 1 workers of 1 for evacuation
[2021-01-26T09:30:08.146+0000][8.021s] GC(9)   Pre Evacuate Collection Set: 0.1ms
[2021-01-26T09:30:08.146+0000][8.021s] GC(9)   Evacuate Collection Set: 16.1ms
[2021-01-26T09:30:08.146+0000][8.021s] GC(9)   Post Evacuate Collection Set: 0.3ms
[2021-01-26T09:30:08.146+0000][8.021s] GC(9)   Other: 0.3ms
[2021-01-26T09:30:08.146+0000][8.021s] GC(9) Eden regions: 49->0(64)
[2021-01-26T09:30:08.146+0000][8.021s] GC(9) Survivor regions: 2->5(7)
[2021-01-26T09:30:08.146+0000][8.021s] GC(9) Old regions: 19->19
[2021-01-26T09:30:08.146+0000][8.021s] GC(9) Humongous regions: 4->4
[2021-01-26T09:30:08.146+0000][8.021s] GC(9) Metaspace: 40362K->40362K(1085440K)
[2021-01-26T09:30:08.146+0000][8.021s] GC(9) Pause Young (Concurrent Start) (Metadata GC Threshold) 72M->27M(512M) 16.893ms
[2021-01-26T09:30:08.146+0000][8.021s] GC(9) User=0.02s Sys=0.01s Real=0.01s
[2021-01-26T09:30:08.146+0000][8.021s] GC(10) Concurrent Cycle
[2021-01-26T09:30:08.146+0000][8.021s] GC(10) Concurrent Clear Claimed Marks
[2021-01-26T09:30:08.146+0000][8.022s] GC(10) Concurrent Clear Claimed Marks 0.047ms
[2021-01-26T09:30:08.146+0000][8.022s] GC(10) Concurrent Scan Root Regions
[2021-01-26T09:30:08.151+0000][8.026s] GC(10) Concurrent Scan Root Regions 4.676ms
[2021-01-26T09:30:08.151+0000][8.026s] GC(10) Concurrent Mark (8.026s)
[2021-01-26T09:30:08.151+0000][8.026s] GC(10) Concurrent Mark From Roots
[2021-01-26T09:30:08.151+0000][8.026s] GC(10) Using 1 workers of 1 for marking
[2021-01-26T09:30:08.315+0000][8.190s] GC(10) Concurrent Mark From Roots 163.500ms
[2021-01-26T09:30:08.315+0000][8.190s] GC(10) Concurrent Preclean
[2021-01-26T09:30:08.315+0000][8.190s] GC(10) Concurrent Preclean 0.066ms
[2021-01-26T09:30:08.315+0000][8.190s] GC(10) Concurrent Mark (8.026s, 8.190s) 163.624ms
[2021-01-26T09:30:08.319+0000][8.194s] GC(10) Pause Remark
[2021-01-26T09:30:08.331+0000][8.206s] GC(10) Cleaned string and symbol table, strings: 18114 processed, 23 removed, symbols: 131072 processed, 76 removed
[2021-01-26T09:30:08.332+0000][8.207s] GC(10) Pause Remark 32M->32M(512M) 12.574ms
[2021-01-26T09:30:08.332+0000][8.207s] GC(10) User=0.01s Sys=0.00s Real=0.02s
[2021-01-26T09:30:08.332+0000][8.207s] GC(10) Concurrent Rebuild Remembered Sets
[2021-01-26T09:30:08.408+0000][8.284s] GC(10) Concurrent Rebuild Remembered Sets 76.701ms
[2021-01-26T09:30:08.412+0000][8.287s] GC(10) Pause Cleanup
[2021-01-26T09:30:08.412+0000][8.287s] GC(10) Pause Cleanup 36M->36M(512M) 0.121ms
[2021-01-26T09:30:08.412+0000][8.287s] GC(10) User=0.00s Sys=0.00s Real=0.00s
[2021-01-26T09:30:08.412+0000][8.287s] GC(10) Concurrent Cleanup for Next Mark
[2021-01-26T09:30:08.426+0000][8.301s] GC(10) Concurrent Cleanup for Next Mark 14.413ms
[2021-01-26T09:30:08.426+0000][8.301s] GC(10) Concurrent Cycle 279.977ms
[2021-01-26T09:30:09.204+0000][9.080s] GC(11) Pause Young (Concurrent Start) (G1 Evacuation Pause)
[2021-01-26T09:30:09.204+0000][9.080s] GC(11) Using 1 workers of 1 for evacuation
[2021-01-26T09:30:09.224+0000][9.099s] GC(11)   Pre Evacuate Collection Set: 0.1ms
[2021-01-26T09:30:09.224+0000][9.099s] GC(11)   Evacuate Collection Set: 19.1ms
[2021-01-26T09:30:09.224+0000][9.099s] GC(11)   Post Evacuate Collection Set: 0.3ms
[2021-01-26T09:30:09.224+0000][9.099s] GC(11)   Other: 0.3ms
[2021-01-26T09:30:09.224+0000][9.099s] GC(11) Eden regions: 66->0(78)
[2021-01-26T09:30:09.224+0000][9.099s] GC(11) Survivor regions: 5->6(9)
[2021-01-26T09:30:09.224+0000][9.099s] GC(11) Old regions: 19->19
[2021-01-26T09:30:09.224+0000][9.099s] GC(11) Humongous regions: 4->4
[2021-01-26T09:30:09.224+0000][9.099s] GC(11) Metaspace: 43534K->43534K(1089536K)
[2021-01-26T09:30:09.224+0000][9.099s] GC(11) Pause Young (Concurrent Start) (G1 Evacuation Pause) 93M->29M(512M) 19.892ms
[2021-01-26T09:30:09.224+0000][9.099s] GC(11) User=0.01s Sys=0.01s Real=0.02s
[2021-01-26T09:30:09.224+0000][9.100s] GC(12) Concurrent Cycle
[2021-01-26T09:30:09.224+0000][9.100s] GC(12) Concurrent Clear Claimed Marks
[2021-01-26T09:30:09.224+0000][9.100s] GC(12) Concurrent Clear Claimed Marks 0.042ms
[2021-01-26T09:30:09.224+0000][9.100s] GC(12) Concurrent Scan Root Regions
[2021-01-26T09:30:09.228+0000][9.103s] GC(12) Concurrent Scan Root Regions 3.617ms
[2021-01-26T09:30:09.228+0000][9.103s] GC(12) Concurrent Mark (9.103s)
[2021-01-26T09:30:09.228+0000][9.103s] GC(12) Concurrent Mark From Roots
[2021-01-26T09:30:09.228+0000][9.103s] GC(12) Using 1 workers of 1 for marking
[2021-01-26T09:30:09.332+0000][9.208s] GC(12) Concurrent Mark From Roots 104.458ms
[2021-01-26T09:30:09.333+0000][9.208s] GC(12) Concurrent Preclean
[2021-01-26T09:30:09.333+0000][9.208s] GC(12) Concurrent Preclean 0.065ms
[2021-01-26T09:30:09.333+0000][9.208s] GC(12) Concurrent Mark (9.103s, 9.208s) 104.585ms
[2021-01-26T09:30:09.334+0000][9.209s] GC(12) Pause Remark
[2021-01-26T09:30:09.345+0000][9.220s] GC(12) Cleaned string and symbol table, strings: 19387 processed, 2 removed, symbols: 139599 processed, 49 removed
[2021-01-26T09:30:09.345+0000][9.221s] GC(12) Pause Remark 39M->39M(512M) 11.269ms
[2021-01-26T09:30:09.345+0000][9.221s] GC(12) User=0.01s Sys=0.00s Real=0.01s
[2021-01-26T09:30:09.346+0000][9.221s] GC(12) Concurrent Rebuild Remembered Sets
[2021-01-26T09:30:09.398+0000][9.274s] GC(12) Concurrent Rebuild Remembered Sets 52.737ms
[2021-01-26T09:30:09.398+0000][9.274s] GC(12) Pause Cleanup
[2021-01-26T09:30:09.399+0000][9.274s] GC(12) Pause Cleanup 39M->39M(512M) 0.114ms
[2021-01-26T09:30:09.399+0000][9.274s] GC(12) User=0.00s Sys=0.00s Real=0.00s
[2021-01-26T09:30:09.399+0000][9.274s] GC(12) Concurrent Cleanup for Next Mark
[2021-01-26T09:30:09.406+0000][9.281s] GC(12) Concurrent Cleanup for Next Mark 7.175ms
[2021-01-26T09:30:09.406+0000][9.281s] GC(12) Concurrent Cycle 181.505ms
[2021-01-26T09:30:09.742+0000][9.617s] GC(13) Pause Young (Normal) (G1 Evacuation Pause)
[2021-01-26T09:30:09.742+0000][9.617s] GC(13) Using 1 workers of 1 for evacuation
[2021-01-26T09:30:09.762+0000][9.637s] GC(13)   Pre Evacuate Collection Set: 0.0ms
[2021-01-26T09:30:09.762+0000][9.637s] GC(13)   Evacuate Collection Set: 19.6ms
[2021-01-26T09:30:09.762+0000][9.637s] GC(13)   Post Evacuate Collection Set: 0.3ms
[2021-01-26T09:30:09.762+0000][9.637s] GC(13)   Other: 0.2ms
[2021-01-26T09:30:09.762+0000][9.637s] GC(13) Eden regions: 80->0(97)
[2021-01-26T09:30:09.762+0000][9.637s] GC(13) Survivor regions: 6->6(11)
[2021-01-26T09:30:09.762+0000][9.637s] GC(13) Old regions: 19->21
[2021-01-26T09:30:09.762+0000][9.637s] GC(13) Humongous regions: 5->4
[2021-01-26T09:30:09.762+0000][9.637s] GC(13) Metaspace: 44598K->44598K(1089536K)
[2021-01-26T09:30:09.762+0000][9.637s] GC(13) Pause Young (Normal) (G1 Evacuation Pause) 110M->30M(512M) 20.252ms
[2021-01-26T09:30:09.762+0000][9.637s] GC(13) User=0.01s Sys=0.00s Real=0.02s
[2021-01-26T09:30:10.806+0000][10.681s] GC(14) Pause Young (Normal) (G1 Evacuation Pause)
[2021-01-26T09:30:10.806+0000][10.681s] GC(14) Using 1 workers of 1 for evacuation
[2021-01-26T09:30:10.833+0000][10.708s] GC(14)   Pre Evacuate Collection Set: 0.0ms
[2021-01-26T09:30:10.833+0000][10.708s] GC(14)   Evacuate Collection Set: 25.9ms
[2021-01-26T09:30:10.833+0000][10.708s] GC(14)   Post Evacuate Collection Set: 0.4ms
[2021-01-26T09:30:10.833+0000][10.708s] GC(14)   Other: 0.2ms
[2021-01-26T09:30:10.833+0000][10.708s] GC(14) Eden regions: 97->0(118)
[2021-01-26T09:30:10.833+0000][10.708s] GC(14) Survivor regions: 6->7(13)
[2021-01-26T09:30:10.833+0000][10.708s] GC(14) Old regions: 21->21
[2021-01-26T09:30:10.833+0000][10.708s] GC(14) Humongous regions: 4->4
[2021-01-26T09:30:10.833+0000][10.708s] GC(14) Metaspace: 47828K->47828K(1093632K)
[2021-01-26T09:30:10.833+0000][10.708s] GC(14) Pause Young (Normal) (G1 Evacuation Pause) 127M->31M(512M) 26.638ms
[2021-01-26T09:30:10.833+0000][10.708s] GC(14) User=0.02s Sys=0.00s Real=0.03s
[2021-01-26T09:30:34.281+0000][34.156s] GC(15) Pause Young (Normal) (G1 Evacuation Pause)
[2021-01-26T09:30:34.281+0000][34.156s] GC(15) Using 1 workers of 1 for evacuation
[2021-01-26T09:30:34.346+0000][34.222s] GC(15)   Pre Evacuate Collection Set: 0.0ms
[2021-01-26T09:30:34.346+0000][34.222s] GC(15)   Evacuate Collection Set: 64.9ms
[2021-01-26T09:30:34.346+0000][34.222s] GC(15)   Post Evacuate Collection Set: 0.5ms
[2021-01-26T09:30:34.346+0000][34.222s] GC(15)   Other: 0.2ms
[2021-01-26T09:30:34.346+0000][34.222s] GC(15) Eden regions: 118->0(140)
[2021-01-26T09:30:34.346+0000][34.222s] GC(15) Survivor regions: 7->13(16)
[2021-01-26T09:30:34.346+0000][34.222s] GC(15) Old regions: 21->21
[2021-01-26T09:30:34.347+0000][34.222s] GC(15) Humongous regions: 4->4
[2021-01-26T09:30:34.347+0000][34.222s] GC(15) Metaspace: 55544K->55544K(1099776K)
[2021-01-26T09:30:34.347+0000][34.222s] GC(15) Pause Young (Normal) (G1 Evacuation Pause) 149M->36M(512M) 65.690ms
[2021-01-26T09:30:34.347+0000][34.222s] GC(15) User=0.06s Sys=0.00s Real=0.06s
[2021-01-26T10:54:20.626+0000][5060.502s] Heap
[2021-01-26T10:54:20.626+0000][5060.502s]  garbage-first heap   total 524288K, used 142187K [0x00000000e0000000, 0x0000000100000000)
[2021-01-26T10:54:20.626+0000][5060.502s]   region size 1024K, 113 young (115712K), 13 survivors (13312K)
[2021-01-26T10:54:20.626+0000][5060.502s]  Metaspace       used 59897K, capacity 60963K, committed 61168K, reserved 1103872K
[2021-01-26T10:54:20.626+0000][5060.502s]   class space    used 6774K, capacity 7218K, committed 7232K, reserved 1048576K
