[2021-01-11T15:16:07.503+0000][0.015s] Heap region size: 1M
[2021-01-11T15:16:07.544+0000][0.056s] Using G1
[2021-01-11T15:16:07.544+0000][0.056s] Heap address: 0x00000000e0000000, size: 512 MB, Compressed Oops mode: 32-bit
[2021-01-11T15:16:08.805+0000][1.316s] GC(0) Pause Young (Normal) (G1 Evacuation Pause)
[2021-01-11T15:16:08.805+0000][1.316s] GC(0) Using 1 workers of 1 for evacuation
[2021-01-11T15:16:08.820+0000][1.331s] GC(0)   Pre Evacuate Collection Set: 0.0ms
[2021-01-11T15:16:08.820+0000][1.331s] GC(0)   Evacuate Collection Set: 13.2ms
[2021-01-11T15:16:08.820+0000][1.331s] GC(0)   Post Evacuate Collection Set: 1.7ms
[2021-01-11T15:16:08.820+0000][1.331s] GC(0)   Other: 0.1ms
[2021-01-11T15:16:08.820+0000][1.331s] GC(0) Eden regions: 25->0(22)
[2021-01-11T15:16:08.820+0000][1.331s] GC(0) Survivor regions: 0->3(4)
[2021-01-11T15:16:08.820+0000][1.331s] GC(0) Old regions: 0->0
[2021-01-11T15:16:08.820+0000][1.331s] GC(0) Humongous regions: 0->0
[2021-01-11T15:16:08.820+0000][1.331s] GC(0) Metaspace: 12081K->12081K(1060864K)
[2021-01-11T15:16:08.820+0000][1.332s] GC(0) Pause Young (Normal) (G1 Evacuation Pause) 25M->2M(512M) 15.234ms
[2021-01-11T15:16:08.820+0000][1.332s] GC(0) User=0.01s Sys=0.01s Real=0.01s
[2021-01-11T15:16:09.413+0000][1.924s] GC(1) Pause Young (Normal) (G1 Evacuation Pause)
[2021-01-11T15:16:09.413+0000][1.924s] GC(1) Using 1 workers of 1 for evacuation
[2021-01-11T15:16:09.429+0000][1.940s] GC(1)   Pre Evacuate Collection Set: 0.0ms
[2021-01-11T15:16:09.429+0000][1.940s] GC(1)   Evacuate Collection Set: 14.0ms
[2021-01-11T15:16:09.429+0000][1.940s] GC(1)   Post Evacuate Collection Set: 2.0ms
[2021-01-11T15:16:09.429+0000][1.940s] GC(1)   Other: 0.1ms
[2021-01-11T15:16:09.429+0000][1.940s] GC(1) Eden regions: 22->0(24)
[2021-01-11T15:16:09.429+0000][1.940s] GC(1) Survivor regions: 3->1(4)
[2021-01-11T15:16:09.429+0000][1.940s] GC(1) Old regions: 0->3
[2021-01-11T15:16:09.429+0000][1.940s] GC(1) Humongous regions: 0->0
[2021-01-11T15:16:09.429+0000][1.940s] GC(1) Metaspace: 15231K->15231K(1062912K)
[2021-01-11T15:16:09.429+0000][1.941s] GC(1) Pause Young (Normal) (G1 Evacuation Pause) 24M->3M(512M) 16.272ms
[2021-01-11T15:16:09.429+0000][1.941s] GC(1) User=0.02s Sys=0.01s Real=0.01s
[2021-01-11T15:16:10.394+0000][2.905s] GC(2) Pause Young (Concurrent Start) (Metadata GC Threshold)
[2021-01-11T15:16:10.394+0000][2.906s] GC(2) Using 1 workers of 1 for evacuation
[2021-01-11T15:16:10.422+0000][2.934s] GC(2)   Pre Evacuate Collection Set: 0.0ms
[2021-01-11T15:16:10.422+0000][2.934s] GC(2)   Evacuate Collection Set: 27.7ms
[2021-01-11T15:16:10.422+0000][2.934s] GC(2)   Post Evacuate Collection Set: 0.3ms
[2021-01-11T15:16:10.422+0000][2.934s] GC(2)   Other: 0.2ms
[2021-01-11T15:16:10.422+0000][2.934s] GC(2) Eden regions: 22->0(21)
[2021-01-11T15:16:10.422+0000][2.934s] GC(2) Survivor regions: 1->4(4)
[2021-01-11T15:16:10.422+0000][2.934s] GC(2) Old regions: 3->8
[2021-01-11T15:16:10.422+0000][2.934s] GC(2) Humongous regions: 4->4
[2021-01-11T15:16:10.422+0000][2.934s] GC(2) Metaspace: 20733K->20733K(1069056K)
[2021-01-11T15:16:10.422+0000][2.934s] GC(2) Pause Young (Concurrent Start) (Metadata GC Threshold) 29M->15M(512M) 28.336ms
[2021-01-11T15:16:10.422+0000][2.934s] GC(2) User=0.02s Sys=0.00s Real=0.02s
[2021-01-11T15:16:10.423+0000][2.934s] GC(3) Concurrent Cycle
[2021-01-11T15:16:10.423+0000][2.934s] GC(3) Concurrent Clear Claimed Marks
[2021-01-11T15:16:10.423+0000][2.934s] GC(3) Concurrent Clear Claimed Marks 0.037ms
[2021-01-11T15:16:10.423+0000][2.934s] GC(3) Concurrent Scan Root Regions
[2021-01-11T15:16:10.426+0000][2.937s] GC(3) Concurrent Scan Root Regions 2.908ms
[2021-01-11T15:16:10.426+0000][2.937s] GC(3) Concurrent Mark (2.937s)
[2021-01-11T15:16:10.426+0000][2.937s] GC(3) Concurrent Mark From Roots
[2021-01-11T15:16:10.426+0000][2.937s] GC(3) Using 1 workers of 1 for marking
[2021-01-11T15:16:10.480+0000][2.992s] GC(3) Concurrent Mark From Roots 54.560ms
[2021-01-11T15:16:10.480+0000][2.992s] GC(3) Concurrent Preclean
[2021-01-11T15:16:10.481+0000][2.992s] GC(3) Concurrent Preclean 0.613ms
[2021-01-11T15:16:10.481+0000][2.992s] GC(3) Concurrent Mark (2.937s, 2.992s) 55.253ms
[2021-01-11T15:16:10.482+0000][2.993s] GC(3) Pause Remark
[2021-01-11T15:16:10.486+0000][2.997s] GC(3) Cleaned string and symbol table, strings: 9930 processed, 3 removed, symbols: 68897 processed, 17 removed
[2021-01-11T15:16:10.486+0000][2.997s] GC(3) Pause Remark 16M->16M(512M) 4.316ms
[2021-01-11T15:16:10.486+0000][2.997s] GC(3) User=0.00s Sys=0.00s Real=0.01s
[2021-01-11T15:16:10.486+0000][2.997s] GC(3) Concurrent Rebuild Remembered Sets
[2021-01-11T15:16:10.533+0000][3.044s] GC(3) Concurrent Rebuild Remembered Sets 46.556ms
[2021-01-11T15:16:10.537+0000][3.048s] GC(3) Pause Cleanup
[2021-01-11T15:16:10.537+0000][3.048s] GC(3) Pause Cleanup 17M->17M(512M) 0.134ms
[2021-01-11T15:16:10.537+0000][3.048s] GC(3) User=0.00s Sys=0.00s Real=0.00s
[2021-01-11T15:16:10.537+0000][3.048s] GC(3) Concurrent Cleanup for Next Mark
[2021-01-11T15:16:10.539+0000][3.051s] GC(3) Concurrent Cleanup for Next Mark 2.303ms
[2021-01-11T15:16:10.539+0000][3.051s] GC(3) Concurrent Cycle 116.628ms
[2021-01-11T15:16:11.228+0000][3.740s] GC(4) Pause Young (Concurrent Start) (G1 Evacuation Pause)
[2021-01-11T15:16:11.228+0000][3.740s] GC(4) Using 1 workers of 1 for evacuation
[2021-01-11T15:16:11.247+0000][3.759s] GC(4)   Pre Evacuate Collection Set: 0.0ms
[2021-01-11T15:16:11.247+0000][3.759s] GC(4)   Evacuate Collection Set: 18.3ms
[2021-01-11T15:16:11.247+0000][3.759s] GC(4)   Post Evacuate Collection Set: 0.4ms
[2021-01-11T15:16:11.247+0000][3.759s] GC(4)   Other: 0.2ms
[2021-01-11T15:16:11.247+0000][3.759s] GC(4) Eden regions: 21->0(21)
[2021-01-11T15:16:11.247+0000][3.759s] GC(4) Survivor regions: 4->4(4)
[2021-01-11T15:16:11.247+0000][3.759s] GC(4) Old regions: 8->12
[2021-01-11T15:16:11.247+0000][3.759s] GC(4) Humongous regions: 4->4
[2021-01-11T15:16:11.247+0000][3.759s] GC(4) Metaspace: 24141K->24141K(1071104K)
[2021-01-11T15:16:11.247+0000][3.759s] GC(4) Pause Young (Concurrent Start) (G1 Evacuation Pause) 36M->20M(512M) 19.055ms
[2021-01-11T15:16:11.247+0000][3.759s] GC(4) User=0.02s Sys=0.00s Real=0.02s
[2021-01-11T15:16:11.247+0000][3.759s] GC(5) Concurrent Cycle
[2021-01-11T15:16:11.247+0000][3.759s] GC(5) Concurrent Clear Claimed Marks
[2021-01-11T15:16:11.247+0000][3.759s] GC(5) Concurrent Clear Claimed Marks 0.029ms
[2021-01-11T15:16:11.247+0000][3.759s] GC(5) Concurrent Scan Root Regions
[2021-01-11T15:16:11.250+0000][3.762s] GC(5) Concurrent Scan Root Regions 3.150ms
[2021-01-11T15:16:11.250+0000][3.762s] GC(5) Concurrent Mark (3.762s)
[2021-01-11T15:16:11.250+0000][3.762s] GC(5) Concurrent Mark From Roots
[2021-01-11T15:16:11.250+0000][3.762s] GC(5) Using 1 workers of 1 for marking
[2021-01-11T15:16:11.290+0000][3.801s] GC(5) Concurrent Mark From Roots 39.116ms
[2021-01-11T15:16:11.290+0000][3.801s] GC(5) Concurrent Preclean
[2021-01-11T15:16:11.290+0000][3.801s] GC(5) Concurrent Preclean 0.060ms
[2021-01-11T15:16:11.290+0000][3.801s] GC(5) Concurrent Mark (3.762s, 3.801s) 39.232ms
[2021-01-11T15:16:11.290+0000][3.801s] GC(5) Pause Remark
[2021-01-11T15:16:11.295+0000][3.807s] GC(5) Cleaned string and symbol table, strings: 11435 processed, 0 removed, symbols: 78010 processed, 4 removed
[2021-01-11T15:16:11.295+0000][3.807s] GC(5) Pause Remark 21M->21M(512M) 5.599ms
[2021-01-11T15:16:11.295+0000][3.807s] GC(5) User=0.01s Sys=0.00s Real=0.01s
[2021-01-11T15:16:11.296+0000][3.807s] GC(5) Concurrent Rebuild Remembered Sets
[2021-01-11T15:16:11.346+0000][3.857s] GC(5) Concurrent Rebuild Remembered Sets 49.986ms
[2021-01-11T15:16:11.346+0000][3.857s] GC(5) Pause Cleanup
[2021-01-11T15:16:11.346+0000][3.857s] GC(5) Pause Cleanup 22M->22M(512M) 0.099ms
[2021-01-11T15:16:11.346+0000][3.857s] GC(5) User=0.00s Sys=0.00s Real=0.00s
[2021-01-11T15:16:11.346+0000][3.857s] GC(5) Concurrent Cleanup for Next Mark
[2021-01-11T15:16:11.352+0000][3.863s] GC(5) Concurrent Cleanup for Next Mark 5.767ms
[2021-01-11T15:16:11.352+0000][3.863s] GC(5) Concurrent Cycle 104.290ms
[2021-01-11T15:16:12.005+0000][4.516s] GC(6) Pause Young (Normal) (G1 Evacuation Pause)
[2021-01-11T15:16:12.005+0000][4.517s] GC(6) Using 1 workers of 1 for evacuation
[2021-01-11T15:16:12.016+0000][4.527s] GC(6)   Pre Evacuate Collection Set: 0.0ms
[2021-01-11T15:16:12.016+0000][4.527s] GC(6)   Evacuate Collection Set: 10.3ms
[2021-01-11T15:16:12.016+0000][4.527s] GC(6)   Post Evacuate Collection Set: 0.5ms
[2021-01-11T15:16:12.016+0000][4.528s] GC(6)   Other: 0.2ms
[2021-01-11T15:16:12.016+0000][4.528s] GC(6) Eden regions: 21->0(24)
[2021-01-11T15:16:12.016+0000][4.528s] GC(6) Survivor regions: 4->4(4)
[2021-01-11T15:16:12.016+0000][4.528s] GC(6) Old regions: 12->16
[2021-01-11T15:16:12.016+0000][4.528s] GC(6) Humongous regions: 4->4
[2021-01-11T15:16:12.016+0000][4.528s] GC(6) Metaspace: 26306K->26306K(1073152K)
[2021-01-11T15:16:12.016+0000][4.528s] GC(6) Pause Young (Normal) (G1 Evacuation Pause) 41M->23M(512M) 11.091ms
[2021-01-11T15:16:12.016+0000][4.528s] GC(6) User=0.01s Sys=0.00s Real=0.01s
[2021-01-11T15:16:12.476+0000][4.987s] GC(7) Pause Young (Normal) (G1 Evacuation Pause)
[2021-01-11T15:16:12.476+0000][4.987s] GC(7) Using 1 workers of 1 for evacuation
[2021-01-11T15:16:12.487+0000][4.998s] GC(7)   Pre Evacuate Collection Set: 0.0ms
[2021-01-11T15:16:12.487+0000][4.998s] GC(7)   Evacuate Collection Set: 10.7ms
[2021-01-11T15:16:12.487+0000][4.998s] GC(7)   Post Evacuate Collection Set: 0.2ms
[2021-01-11T15:16:12.487+0000][4.998s] GC(7)   Other: 0.1ms
[2021-01-11T15:16:12.487+0000][4.998s] GC(7) Eden regions: 24->0(33)
[2021-01-11T15:16:12.487+0000][4.998s] GC(7) Survivor regions: 4->1(4)
[2021-01-11T15:16:12.487+0000][4.998s] GC(7) Old regions: 16->19
[2021-01-11T15:16:12.487+0000][4.998s] GC(7) Humongous regions: 4->4
[2021-01-11T15:16:12.487+0000][4.998s] GC(7) Metaspace: 30131K->30131K(1077248K)
[2021-01-11T15:16:12.487+0000][4.998s] GC(7) Pause Young (Normal) (G1 Evacuation Pause) 47M->23M(512M) 11.212ms
[2021-01-11T15:16:12.487+0000][4.998s] GC(7) User=0.01s Sys=0.00s Real=0.01s
[2021-01-11T15:16:13.513+0000][6.024s] GC(8) Pause Young (Normal) (G1 Evacuation Pause)
[2021-01-11T15:16:13.513+0000][6.024s] GC(8) Using 1 workers of 1 for evacuation
[2021-01-11T15:16:13.521+0000][6.032s] GC(8)   Pre Evacuate Collection Set: 0.0ms
[2021-01-11T15:16:13.521+0000][6.032s] GC(8)   Evacuate Collection Set: 7.9ms
[2021-01-11T15:16:13.521+0000][6.032s] GC(8)   Post Evacuate Collection Set: 0.2ms
[2021-01-11T15:16:13.521+0000][6.032s] GC(8)   Other: 0.1ms
[2021-01-11T15:16:13.521+0000][6.032s] GC(8) Eden regions: 33->0(53)
[2021-01-11T15:16:13.521+0000][6.032s] GC(8) Survivor regions: 1->1(5)
[2021-01-11T15:16:13.521+0000][6.032s] GC(8) Old regions: 19->19
[2021-01-11T15:16:13.521+0000][6.032s] GC(8) Humongous regions: 4->4
[2021-01-11T15:16:13.521+0000][6.032s] GC(8) Metaspace: 32741K->32741K(1079296K)
[2021-01-11T15:16:13.521+0000][6.032s] GC(8) Pause Young (Normal) (G1 Evacuation Pause) 56M->23M(512M) 8.319ms
[2021-01-11T15:16:13.521+0000][6.032s] GC(8) User=0.00s Sys=0.00s Real=0.00s
[2021-01-11T15:16:15.114+0000][7.625s] GC(9) Pause Young (Normal) (G1 Evacuation Pause)
[2021-01-11T15:16:15.114+0000][7.625s] GC(9) Using 1 workers of 1 for evacuation
[2021-01-11T15:16:15.141+0000][7.652s] GC(9)   Pre Evacuate Collection Set: 0.0ms
[2021-01-11T15:16:15.141+0000][7.652s] GC(9)   Evacuate Collection Set: 23.6ms
[2021-01-11T15:16:15.141+0000][7.652s] GC(9)   Post Evacuate Collection Set: 3.2ms
[2021-01-11T15:16:15.141+0000][7.652s] GC(9)   Other: 0.2ms
[2021-01-11T15:16:15.141+0000][7.652s] GC(9) Eden regions: 53->0(60)
[2021-01-11T15:16:15.141+0000][7.652s] GC(9) Survivor regions: 1->5(7)
[2021-01-11T15:16:15.141+0000][7.652s] GC(9) Old regions: 19->19
[2021-01-11T15:16:15.141+0000][7.652s] GC(9) Humongous regions: 4->4
[2021-01-11T15:16:15.141+0000][7.652s] GC(9) Metaspace: 40239K->40239K(1085440K)
[2021-01-11T15:16:15.141+0000][7.652s] GC(9) Pause Young (Normal) (G1 Evacuation Pause) 76M->27M(512M) 27.102ms
[2021-01-11T15:16:15.141+0000][7.652s] GC(9) User=0.02s Sys=0.01s Real=0.02s
[2021-01-11T15:16:15.304+0000][7.816s] GC(10) Pause Young (Concurrent Start) (Metadata GC Threshold)
[2021-01-11T15:16:15.304+0000][7.816s] GC(10) Using 1 workers of 1 for evacuation
[2021-01-11T15:16:15.317+0000][7.828s] GC(10)   Pre Evacuate Collection Set: 0.1ms
[2021-01-11T15:16:15.317+0000][7.828s] GC(10)   Evacuate Collection Set: 12.1ms
[2021-01-11T15:16:15.317+0000][7.828s] GC(10)   Post Evacuate Collection Set: 0.2ms
[2021-01-11T15:16:15.317+0000][7.828s] GC(10)   Other: 0.2ms
[2021-01-11T15:16:15.317+0000][7.828s] GC(10) Eden regions: 6->0(61)
[2021-01-11T15:16:15.317+0000][7.828s] GC(10) Survivor regions: 5->5(9)
[2021-01-11T15:16:15.317+0000][7.828s] GC(10) Old regions: 19->19
[2021-01-11T15:16:15.317+0000][7.828s] GC(10) Humongous regions: 4->4
[2021-01-11T15:16:15.317+0000][7.828s] GC(10) Metaspace: 40830K->40830K(1085440K)
[2021-01-11T15:16:15.317+0000][7.828s] GC(10) Pause Young (Concurrent Start) (Metadata GC Threshold) 33M->28M(512M) 12.653ms
[2021-01-11T15:16:15.317+0000][7.828s] GC(10) User=0.01s Sys=0.00s Real=0.02s
[2021-01-11T15:16:15.317+0000][7.829s] GC(11) Concurrent Cycle
[2021-01-11T15:16:15.317+0000][7.829s] GC(11) Concurrent Clear Claimed Marks
[2021-01-11T15:16:15.317+0000][7.829s] GC(11) Concurrent Clear Claimed Marks 0.031ms
[2021-01-11T15:16:15.317+0000][7.829s] GC(11) Concurrent Scan Root Regions
[2021-01-11T15:16:15.320+0000][7.831s] GC(11) Concurrent Scan Root Regions 2.918ms
[2021-01-11T15:16:15.320+0000][7.831s] GC(11) Concurrent Mark (7.831s)
[2021-01-11T15:16:15.320+0000][7.831s] GC(11) Concurrent Mark From Roots
[2021-01-11T15:16:15.320+0000][7.832s] GC(11) Using 1 workers of 1 for marking
[2021-01-11T15:16:15.455+0000][7.966s] GC(11) Concurrent Mark From Roots 134.639ms
[2021-01-11T15:16:15.455+0000][7.966s] GC(11) Concurrent Preclean
[2021-01-11T15:16:15.455+0000][7.966s] GC(11) Concurrent Preclean 0.060ms
[2021-01-11T15:16:15.455+0000][7.966s] GC(11) Concurrent Mark (7.831s, 7.966s) 134.754ms
[2021-01-11T15:16:15.455+0000][7.966s] GC(11) Pause Remark
[2021-01-11T15:16:15.467+0000][7.978s] GC(11) Cleaned string and symbol table, strings: 18334 processed, 23 removed, symbols: 132425 processed, 82 removed
[2021-01-11T15:16:15.467+0000][7.978s] GC(11) Pause Remark 41M->41M(512M) 11.806ms
[2021-01-11T15:16:15.467+0000][7.978s] GC(11) User=0.01s Sys=0.00s Real=0.01s
[2021-01-11T15:16:15.468+0000][7.980s] GC(11) Concurrent Rebuild Remembered Sets
[2021-01-11T15:16:15.523+0000][8.034s] GC(11) Concurrent Rebuild Remembered Sets 54.435ms
[2021-01-11T15:16:15.523+0000][8.034s] GC(11) Pause Cleanup
[2021-01-11T15:16:15.523+0000][8.034s] GC(11) Pause Cleanup 44M->44M(512M) 0.106ms
[2021-01-11T15:16:15.523+0000][8.034s] GC(11) User=0.00s Sys=0.00s Real=0.00s
[2021-01-11T15:16:15.523+0000][8.034s] GC(11) Concurrent Cleanup for Next Mark
[2021-01-11T15:16:15.525+0000][8.037s] GC(11) Concurrent Cleanup for Next Mark 2.235ms
[2021-01-11T15:16:15.525+0000][8.037s] GC(11) Concurrent Cycle 208.253ms
[2021-01-11T15:16:16.111+0000][8.623s] GC(12) Pause Young (Concurrent Start) (G1 Evacuation Pause)
[2021-01-11T15:16:16.111+0000][8.623s] GC(12) Using 1 workers of 1 for evacuation
[2021-01-11T15:16:16.144+0000][8.656s] GC(12)   Pre Evacuate Collection Set: 0.1ms
[2021-01-11T15:16:16.144+0000][8.656s] GC(12)   Evacuate Collection Set: 32.1ms
[2021-01-11T15:16:16.144+0000][8.656s] GC(12)   Post Evacuate Collection Set: 0.3ms
[2021-01-11T15:16:16.144+0000][8.656s] GC(12)   Other: 0.2ms
[2021-01-11T15:16:16.144+0000][8.656s] GC(12) Eden regions: 63->0(74)
[2021-01-11T15:16:16.144+0000][8.656s] GC(12) Survivor regions: 5->6(9)
[2021-01-11T15:16:16.144+0000][8.656s] GC(12) Old regions: 19->20
[2021-01-11T15:16:16.144+0000][8.656s] GC(12) Humongous regions: 4->4
[2021-01-11T15:16:16.144+0000][8.656s] GC(12) Metaspace: 43511K->43511K(1089536K)
[2021-01-11T15:16:16.144+0000][8.656s] GC(12) Pause Young (Concurrent Start) (G1 Evacuation Pause) 91M->29M(512M) 32.883ms
[2021-01-11T15:16:16.144+0000][8.656s] GC(12) User=0.02s Sys=0.00s Real=0.03s
[2021-01-11T15:16:16.144+0000][8.656s] GC(13) Concurrent Cycle
[2021-01-11T15:16:16.144+0000][8.656s] GC(13) Concurrent Clear Claimed Marks
[2021-01-11T15:16:16.144+0000][8.656s] GC(13) Concurrent Clear Claimed Marks 0.091ms
[2021-01-11T15:16:16.144+0000][8.656s] GC(13) Concurrent Scan Root Regions
[2021-01-11T15:16:16.148+0000][8.660s] GC(13) Concurrent Scan Root Regions 3.705ms
[2021-01-11T15:16:16.148+0000][8.660s] GC(13) Concurrent Mark (8.660s)
[2021-01-11T15:16:16.148+0000][8.660s] GC(13) Concurrent Mark From Roots
[2021-01-11T15:16:16.148+0000][8.660s] GC(13) Using 1 workers of 1 for marking
[2021-01-11T15:16:16.292+0000][8.803s] GC(13) Concurrent Mark From Roots 143.367ms
[2021-01-11T15:16:16.292+0000][8.803s] GC(13) Concurrent Preclean
[2021-01-11T15:16:16.292+0000][8.803s] GC(13) Concurrent Preclean 0.059ms
[2021-01-11T15:16:16.292+0000][8.803s] GC(13) Concurrent Mark (8.660s, 8.803s) 143.479ms
[2021-01-11T15:16:16.300+0000][8.811s] GC(13) Pause Remark
[2021-01-11T15:16:16.342+0000][8.853s] GC(13) Cleaned string and symbol table, strings: 19423 processed, 2 removed, symbols: 139783 processed, 44 removed
[2021-01-11T15:16:16.344+0000][8.855s] GC(13) Pause Remark 38M->38M(512M) 44.435ms
[2021-01-11T15:16:16.344+0000][8.855s] GC(13) User=0.02s Sys=0.00s Real=0.04s
[2021-01-11T15:16:16.345+0000][8.856s] GC(13) Concurrent Rebuild Remembered Sets
[2021-01-11T15:16:16.400+0000][8.911s] GC(13) Concurrent Rebuild Remembered Sets 54.789ms
[2021-01-11T15:16:16.400+0000][8.911s] GC(13) Pause Cleanup
[2021-01-11T15:16:16.400+0000][8.911s] GC(13) Pause Cleanup 39M->39M(512M) 0.111ms
[2021-01-11T15:16:16.400+0000][8.911s] GC(13) User=0.00s Sys=0.00s Real=0.00s
[2021-01-11T15:16:16.400+0000][8.911s] GC(13) Concurrent Cleanup for Next Mark
[2021-01-11T15:16:16.411+0000][8.922s] GC(13) Concurrent Cleanup for Next Mark 10.940ms
[2021-01-11T15:16:16.411+0000][8.922s] GC(13) Concurrent Cycle 266.509ms
[2021-01-11T15:16:16.673+0000][9.184s] GC(14) Pause Young (Normal) (G1 Evacuation Pause)
[2021-01-11T15:16:16.673+0000][9.184s] GC(14) Using 1 workers of 1 for evacuation
[2021-01-11T15:16:16.691+0000][9.203s] GC(14)   Pre Evacuate Collection Set: 0.0ms
[2021-01-11T15:16:16.692+0000][9.203s] GC(14)   Evacuate Collection Set: 18.2ms
[2021-01-11T15:16:16.692+0000][9.203s] GC(14)   Post Evacuate Collection Set: 0.3ms
[2021-01-11T15:16:16.692+0000][9.203s] GC(14)   Other: 0.2ms
[2021-01-11T15:16:16.692+0000][9.203s] GC(14) Eden regions: 76->0(111)
[2021-01-11T15:16:16.692+0000][9.203s] GC(14) Survivor regions: 6->7(11)
[2021-01-11T15:16:16.692+0000][9.203s] GC(14) Old regions: 20->20
[2021-01-11T15:16:16.692+0000][9.203s] GC(14) Humongous regions: 5->4
[2021-01-11T15:16:16.692+0000][9.203s] GC(14) Metaspace: 44555K->44555K(1089536K)
[2021-01-11T15:16:16.692+0000][9.203s] GC(14) Pause Young (Normal) (G1 Evacuation Pause) 106M->30M(512M) 18.770ms
[2021-01-11T15:16:16.692+0000][9.203s] GC(14) User=0.02s Sys=0.01s Real=0.01s
[2021-01-11T15:16:17.886+0000][10.397s] GC(15) Pause Young (Normal) (G1 Evacuation Pause)
[2021-01-11T15:16:17.886+0000][10.397s] GC(15) Using 1 workers of 1 for evacuation
[2021-01-11T15:16:17.908+0000][10.420s] GC(15)   Pre Evacuate Collection Set: 0.0ms
[2021-01-11T15:16:17.908+0000][10.420s] GC(15)   Evacuate Collection Set: 21.7ms
[2021-01-11T15:16:17.908+0000][10.420s] GC(15)   Post Evacuate Collection Set: 0.4ms
[2021-01-11T15:16:17.908+0000][10.420s] GC(15)   Other: 0.2ms
[2021-01-11T15:16:17.908+0000][10.420s] GC(15) Eden regions: 111->0(136)
[2021-01-11T15:16:17.908+0000][10.420s] GC(15) Survivor regions: 7->8(15)
[2021-01-11T15:16:17.908+0000][10.420s] GC(15) Old regions: 20->20
[2021-01-11T15:16:17.908+0000][10.420s] GC(15) Humongous regions: 4->4
[2021-01-11T15:16:17.908+0000][10.420s] GC(15) Metaspace: 48348K->48348K(1093632K)
[2021-01-11T15:16:17.908+0000][10.420s] GC(15) Pause Young (Normal) (G1 Evacuation Pause) 141M->31M(512M) 22.321ms
[2021-01-11T15:16:17.908+0000][10.420s] GC(15) User=0.02s Sys=0.00s Real=0.02s
[2021-01-11T15:24:34.644+0000][507.156s] GC(16) Pause Young (Normal) (G1 Evacuation Pause)
[2021-01-11T15:24:34.644+0000][507.156s] GC(16) Using 1 workers of 1 for evacuation
[2021-01-11T15:24:34.684+0000][507.196s] GC(16)   Pre Evacuate Collection Set: 0.0ms
[2021-01-11T15:24:34.684+0000][507.196s] GC(16)   Evacuate Collection Set: 39.2ms
[2021-01-11T15:24:34.684+0000][507.196s] GC(16)   Post Evacuate Collection Set: 0.6ms
[2021-01-11T15:24:34.684+0000][507.196s] GC(16)   Other: 0.2ms
[2021-01-11T15:24:34.685+0000][507.196s] GC(16) Eden regions: 136->0(161)
[2021-01-11T15:24:34.685+0000][507.196s] GC(16) Survivor regions: 8->14(18)
[2021-01-11T15:24:34.685+0000][507.196s] GC(16) Old regions: 20->20
[2021-01-11T15:24:34.685+0000][507.196s] GC(16) Humongous regions: 7->7
[2021-01-11T15:24:34.685+0000][507.196s] GC(16) Metaspace: 58047K->58047K(1101824K)
[2021-01-11T15:24:34.685+0000][507.196s] GC(16) Pause Young (Normal) (G1 Evacuation Pause) 170M->40M(512M) 40.145ms
[2021-01-11T15:24:34.685+0000][507.196s] GC(16) User=0.02s Sys=0.02s Real=0.04s
[2021-01-11T15:24:35.131+0000][507.642s] GC(17) Pause Young (Normal) (G1 Evacuation Pause)
[2021-01-11T15:24:35.131+0000][507.642s] GC(17) Using 1 workers of 1 for evacuation
[2021-01-11T15:24:35.170+0000][507.682s] GC(17)   Pre Evacuate Collection Set: 0.0ms
[2021-01-11T15:24:35.170+0000][507.682s] GC(17)   Evacuate Collection Set: 38.9ms
[2021-01-11T15:24:35.170+0000][507.682s] GC(17)   Post Evacuate Collection Set: 0.6ms
[2021-01-11T15:24:35.170+0000][507.682s] GC(17)   Other: 0.2ms
[2021-01-11T15:24:35.170+0000][507.682s] GC(17) Eden regions: 161->0(188)
[2021-01-11T15:24:35.170+0000][507.682s] GC(17) Survivor regions: 14->11(22)
[2021-01-11T15:24:35.170+0000][507.682s] GC(17) Old regions: 20->24
[2021-01-11T15:24:35.170+0000][507.682s] GC(17) Humongous regions: 7->7
[2021-01-11T15:24:35.170+0000][507.682s] GC(17) Metaspace: 58341K->58341K(1101824K)
[2021-01-11T15:24:35.170+0000][507.682s] GC(17) Pause Young (Normal) (G1 Evacuation Pause) 201M->41M(512M) 39.780ms
[2021-01-11T15:24:35.170+0000][507.682s] GC(17) User=0.03s Sys=0.00s Real=0.04s
[2021-01-11T20:32:15.718+0000][18968.230s] GC(18) Pause Young (Normal) (G1 Evacuation Pause)
[2021-01-11T20:32:15.719+0000][18968.230s] GC(18) Using 1 workers of 1 for evacuation
[2021-01-11T20:32:15.752+0000][18968.263s] GC(18)   Pre Evacuate Collection Set: 0.0ms
[2021-01-11T20:32:15.752+0000][18968.263s] GC(18)   Evacuate Collection Set: 32.1ms
[2021-01-11T20:32:15.752+0000][18968.263s] GC(18)   Post Evacuate Collection Set: 0.6ms
[2021-01-11T20:32:15.752+0000][18968.263s] GC(18)   Other: 0.7ms
[2021-01-11T20:32:15.752+0000][18968.263s] GC(18) Eden regions: 188->0(220)
[2021-01-11T20:32:15.752+0000][18968.263s] GC(18) Survivor regions: 11->13(25)
[2021-01-11T20:32:15.752+0000][18968.263s] GC(18) Old regions: 24->24
[2021-01-11T20:32:15.752+0000][18968.263s] GC(18) Humongous regions: 7->7
[2021-01-11T20:32:15.752+0000][18968.263s] GC(18) Metaspace: 59364K->59364K(1103872K)
[2021-01-11T20:32:15.752+0000][18968.263s] GC(18) Pause Young (Normal) (G1 Evacuation Pause) 229M->42M(512M) 33.590ms
[2021-01-11T20:32:15.752+0000][18968.263s] GC(18) User=0.03s Sys=0.00s Real=0.03s
[2021-01-12T05:00:32.747+0000][49465.259s] GC(19) Pause Young (Normal) (G1 Evacuation Pause)
[2021-01-12T05:00:32.752+0000][49465.264s] GC(19) Using 1 workers of 1 for evacuation
[2021-01-12T05:00:32.796+0000][49465.307s] GC(19)   Pre Evacuate Collection Set: 1.2ms
[2021-01-12T05:00:32.796+0000][49465.307s] GC(19)   Evacuate Collection Set: 37.5ms
[2021-01-12T05:00:32.796+0000][49465.307s] GC(19)   Post Evacuate Collection Set: 3.3ms
[2021-01-12T05:00:32.796+0000][49465.308s] GC(19)   Other: 13.1ms
[2021-01-12T05:00:32.797+0000][49465.309s] GC(19) Eden regions: 220->0(295)
[2021-01-12T05:00:32.797+0000][49465.309s] GC(19) Survivor regions: 13->12(30)
[2021-01-12T05:00:32.797+0000][49465.309s] GC(19) Old regions: 24->24
[2021-01-12T05:00:32.797+0000][49465.309s] GC(19) Humongous regions: 7->7
[2021-01-12T05:00:32.801+0000][49465.312s] GC(19) Metaspace: 59605K->59605K(1103872K)
[2021-01-12T05:00:32.801+0000][49465.312s] GC(19) Pause Young (Normal) (G1 Evacuation Pause) 262M->41M(512M) 54.451ms
[2021-01-12T05:00:32.801+0000][49465.312s] GC(19) User=0.02s Sys=0.02s Real=0.05s
