[2021-01-16T13:21:25.030+0000][0.023s] Heap region size: 1M
[2021-01-16T13:21:25.078+0000][0.071s] Using G1
[2021-01-16T13:21:25.078+0000][0.071s] Heap address: 0x00000000e0000000, size: 512 MB, Compressed Oops mode: 32-bit
[2021-01-16T13:21:26.347+0000][1.340s] GC(0) Pause Young (Normal) (G1 Evacuation Pause)
[2021-01-16T13:21:26.347+0000][1.340s] GC(0) Using 1 workers of 1 for evacuation
[2021-01-16T13:21:26.355+0000][1.348s] GC(0)   Pre Evacuate Collection Set: 0.0ms
[2021-01-16T13:21:26.355+0000][1.348s] GC(0)   Evacuate Collection Set: 8.1ms
[2021-01-16T13:21:26.355+0000][1.348s] GC(0)   Post Evacuate Collection Set: 0.2ms
[2021-01-16T13:21:26.355+0000][1.348s] GC(0)   Other: 0.1ms
[2021-01-16T13:21:26.355+0000][1.348s] GC(0) Eden regions: 25->0(22)
[2021-01-16T13:21:26.355+0000][1.348s] GC(0) Survivor regions: 0->3(4)
[2021-01-16T13:21:26.355+0000][1.348s] GC(0) Old regions: 0->0
[2021-01-16T13:21:26.355+0000][1.348s] GC(0) Humongous regions: 0->0
[2021-01-16T13:21:26.355+0000][1.348s] GC(0) Metaspace: 12098K->12098K(1060864K)
[2021-01-16T13:21:26.355+0000][1.348s] GC(0) Pause Young (Normal) (G1 Evacuation Pause) 25M->2M(512M) 8.599ms
[2021-01-16T13:21:26.355+0000][1.348s] GC(0) User=0.01s Sys=0.00s Real=0.01s
[2021-01-16T13:21:26.918+0000][1.910s] GC(1) Pause Young (Normal) (G1 Evacuation Pause)
[2021-01-16T13:21:26.918+0000][1.910s] GC(1) Using 1 workers of 1 for evacuation
[2021-01-16T13:21:26.937+0000][1.930s] GC(1)   Pre Evacuate Collection Set: 0.0ms
[2021-01-16T13:21:26.937+0000][1.930s] GC(1)   Evacuate Collection Set: 14.7ms
[2021-01-16T13:21:26.937+0000][1.930s] GC(1)   Post Evacuate Collection Set: 4.5ms
[2021-01-16T13:21:26.937+0000][1.930s] GC(1)   Other: 0.1ms
[2021-01-16T13:21:26.937+0000][1.930s] GC(1) Eden regions: 22->0(24)
[2021-01-16T13:21:26.937+0000][1.930s] GC(1) Survivor regions: 3->1(4)
[2021-01-16T13:21:26.937+0000][1.930s] GC(1) Old regions: 0->3
[2021-01-16T13:21:26.937+0000][1.930s] GC(1) Humongous regions: 0->0
[2021-01-16T13:21:26.937+0000][1.930s] GC(1) Metaspace: 15225K->15225K(1062912K)
[2021-01-16T13:21:26.937+0000][1.930s] GC(1) Pause Young (Normal) (G1 Evacuation Pause) 24M->3M(512M) 19.533ms
[2021-01-16T13:21:26.937+0000][1.930s] GC(1) User=0.01s Sys=0.00s Real=0.02s
[2021-01-16T13:21:27.875+0000][2.867s] GC(2) Pause Young (Concurrent Start) (Metadata GC Threshold)
[2021-01-16T13:21:27.875+0000][2.867s] GC(2) Using 1 workers of 1 for evacuation
[2021-01-16T13:21:27.904+0000][2.897s] GC(2)   Pre Evacuate Collection Set: 0.0ms
[2021-01-16T13:21:27.905+0000][2.897s] GC(2)   Evacuate Collection Set: 29.5ms
[2021-01-16T13:21:27.905+0000][2.897s] GC(2)   Post Evacuate Collection Set: 0.2ms
[2021-01-16T13:21:27.905+0000][2.897s] GC(2)   Other: 0.2ms
[2021-01-16T13:21:27.905+0000][2.897s] GC(2) Eden regions: 22->0(21)
[2021-01-16T13:21:27.905+0000][2.897s] GC(2) Survivor regions: 1->4(4)
[2021-01-16T13:21:27.905+0000][2.897s] GC(2) Old regions: 3->8
[2021-01-16T13:21:27.905+0000][2.897s] GC(2) Humongous regions: 4->4
[2021-01-16T13:21:27.905+0000][2.897s] GC(2) Metaspace: 20751K->20751K(1069056K)
[2021-01-16T13:21:27.905+0000][2.897s] GC(2) Pause Young (Concurrent Start) (Metadata GC Threshold) 29M->15M(512M) 30.086ms
[2021-01-16T13:21:27.905+0000][2.897s] GC(2) User=0.03s Sys=0.00s Real=0.03s
[2021-01-16T13:21:27.905+0000][2.898s] GC(3) Concurrent Cycle
[2021-01-16T13:21:27.905+0000][2.898s] GC(3) Concurrent Clear Claimed Marks
[2021-01-16T13:21:27.905+0000][2.898s] GC(3) Concurrent Clear Claimed Marks 0.026ms
[2021-01-16T13:21:27.905+0000][2.898s] GC(3) Concurrent Scan Root Regions
[2021-01-16T13:21:27.912+0000][2.904s] GC(3) Concurrent Scan Root Regions 6.684ms
[2021-01-16T13:21:27.912+0000][2.904s] GC(3) Concurrent Mark (2.904s)
[2021-01-16T13:21:27.912+0000][2.904s] GC(3) Concurrent Mark From Roots
[2021-01-16T13:21:27.912+0000][2.904s] GC(3) Using 1 workers of 1 for marking
[2021-01-16T13:21:27.971+0000][2.964s] GC(3) Concurrent Mark From Roots 59.126ms
[2021-01-16T13:21:27.971+0000][2.964s] GC(3) Concurrent Preclean
[2021-01-16T13:21:27.971+0000][2.964s] GC(3) Concurrent Preclean 0.046ms
[2021-01-16T13:21:27.971+0000][2.964s] GC(3) Concurrent Mark (2.904s, 2.964s) 59.230ms
[2021-01-16T13:21:27.971+0000][2.964s] GC(3) Pause Remark
[2021-01-16T13:21:27.975+0000][2.968s] GC(3) Cleaned string and symbol table, strings: 9942 processed, 3 removed, symbols: 69053 processed, 17 removed
[2021-01-16T13:21:27.981+0000][2.973s] GC(3) Pause Remark 16M->16M(512M) 9.730ms
[2021-01-16T13:21:27.981+0000][2.973s] GC(3) User=0.00s Sys=0.00s Real=0.00s
[2021-01-16T13:21:27.981+0000][2.973s] GC(3) Concurrent Rebuild Remembered Sets
[2021-01-16T13:21:28.004+0000][2.997s] GC(3) Concurrent Rebuild Remembered Sets 23.786ms
[2021-01-16T13:21:28.005+0000][2.997s] GC(3) Pause Cleanup
[2021-01-16T13:21:28.005+0000][2.997s] GC(3) Pause Cleanup 16M->16M(512M) 0.117ms
[2021-01-16T13:21:28.005+0000][2.997s] GC(3) User=0.00s Sys=0.00s Real=0.00s
[2021-01-16T13:21:28.005+0000][2.997s] GC(3) Concurrent Cleanup for Next Mark
[2021-01-16T13:21:28.025+0000][3.017s] GC(3) Concurrent Cleanup for Next Mark 19.968ms
[2021-01-16T13:21:28.025+0000][3.018s] GC(3) Concurrent Cycle 119.883ms
[2021-01-16T13:21:28.637+0000][3.630s] GC(4) Pause Young (Concurrent Start) (G1 Evacuation Pause)
[2021-01-16T13:21:28.637+0000][3.630s] GC(4) Using 1 workers of 1 for evacuation
[2021-01-16T13:21:28.660+0000][3.652s] GC(4)   Pre Evacuate Collection Set: 0.0ms
[2021-01-16T13:21:28.660+0000][3.652s] GC(4)   Evacuate Collection Set: 21.9ms
[2021-01-16T13:21:28.660+0000][3.652s] GC(4)   Post Evacuate Collection Set: 0.4ms
[2021-01-16T13:21:28.660+0000][3.652s] GC(4)   Other: 0.2ms
[2021-01-16T13:21:28.660+0000][3.652s] GC(4) Eden regions: 21->0(21)
[2021-01-16T13:21:28.660+0000][3.652s] GC(4) Survivor regions: 4->4(4)
[2021-01-16T13:21:28.660+0000][3.652s] GC(4) Old regions: 8->12
[2021-01-16T13:21:28.660+0000][3.652s] GC(4) Humongous regions: 4->4
[2021-01-16T13:21:28.660+0000][3.652s] GC(4) Metaspace: 24117K->24117K(1071104K)
[2021-01-16T13:21:28.660+0000][3.652s] GC(4) Pause Young (Concurrent Start) (G1 Evacuation Pause) 36M->20M(512M) 22.737ms
[2021-01-16T13:21:28.660+0000][3.652s] GC(4) User=0.02s Sys=0.01s Real=0.02s
[2021-01-16T13:21:28.660+0000][3.653s] GC(5) Concurrent Cycle
[2021-01-16T13:21:28.660+0000][3.653s] GC(5) Concurrent Clear Claimed Marks
[2021-01-16T13:21:28.660+0000][3.653s] GC(5) Concurrent Clear Claimed Marks 0.021ms
[2021-01-16T13:21:28.660+0000][3.653s] GC(5) Concurrent Scan Root Regions
[2021-01-16T13:21:28.661+0000][3.654s] GC(5) Concurrent Scan Root Regions 1.544ms
[2021-01-16T13:21:28.661+0000][3.654s] GC(5) Concurrent Mark (3.654s)
[2021-01-16T13:21:28.661+0000][3.654s] GC(5) Concurrent Mark From Roots
[2021-01-16T13:21:28.661+0000][3.654s] GC(5) Using 1 workers of 1 for marking
[2021-01-16T13:21:28.739+0000][3.732s] GC(5) Concurrent Mark From Roots 77.708ms
[2021-01-16T13:21:28.739+0000][3.732s] GC(5) Concurrent Preclean
[2021-01-16T13:21:28.739+0000][3.732s] GC(5) Concurrent Preclean 0.056ms
[2021-01-16T13:21:28.739+0000][3.732s] GC(5) Concurrent Mark (3.654s, 3.732s) 77.823ms
[2021-01-16T13:21:28.739+0000][3.732s] GC(5) Pause Remark
[2021-01-16T13:21:28.744+0000][3.737s] GC(5) Cleaned string and symbol table, strings: 11443 processed, 0 removed, symbols: 78011 processed, 4 removed
[2021-01-16T13:21:28.748+0000][3.741s] GC(5) Pause Remark 22M->22M(512M) 8.754ms
[2021-01-16T13:21:28.748+0000][3.741s] GC(5) User=0.00s Sys=0.00s Real=0.01s
[2021-01-16T13:21:28.748+0000][3.741s] GC(5) Concurrent Rebuild Remembered Sets
[2021-01-16T13:21:28.782+0000][3.775s] GC(5) Concurrent Rebuild Remembered Sets 34.032ms
[2021-01-16T13:21:28.782+0000][3.775s] GC(5) Pause Cleanup
[2021-01-16T13:21:28.782+0000][3.775s] GC(5) Pause Cleanup 23M->23M(512M) 0.110ms
[2021-01-16T13:21:28.782+0000][3.775s] GC(5) User=0.00s Sys=0.00s Real=0.00s
[2021-01-16T13:21:28.782+0000][3.775s] GC(5) Concurrent Cleanup for Next Mark
[2021-01-16T13:21:28.784+0000][3.777s] GC(5) Concurrent Cleanup for Next Mark 2.084ms
[2021-01-16T13:21:28.784+0000][3.777s] GC(5) Concurrent Cycle 124.745ms
[2021-01-16T13:21:29.309+0000][4.302s] GC(6) Pause Young (Normal) (G1 Evacuation Pause)
[2021-01-16T13:21:29.309+0000][4.302s] GC(6) Using 1 workers of 1 for evacuation
[2021-01-16T13:21:29.320+0000][4.313s] GC(6)   Pre Evacuate Collection Set: 0.0ms
[2021-01-16T13:21:29.320+0000][4.313s] GC(6)   Evacuate Collection Set: 10.6ms
[2021-01-16T13:21:29.320+0000][4.313s] GC(6)   Post Evacuate Collection Set: 0.5ms
[2021-01-16T13:21:29.320+0000][4.313s] GC(6)   Other: 0.2ms
[2021-01-16T13:21:29.320+0000][4.313s] GC(6) Eden regions: 21->0(24)
[2021-01-16T13:21:29.320+0000][4.313s] GC(6) Survivor regions: 4->4(4)
[2021-01-16T13:21:29.320+0000][4.313s] GC(6) Old regions: 12->16
[2021-01-16T13:21:29.320+0000][4.313s] GC(6) Humongous regions: 4->4
[2021-01-16T13:21:29.320+0000][4.313s] GC(6) Metaspace: 26214K->26214K(1073152K)
[2021-01-16T13:21:29.320+0000][4.313s] GC(6) Pause Young (Normal) (G1 Evacuation Pause) 41M->23M(512M) 11.402ms
[2021-01-16T13:21:29.320+0000][4.313s] GC(6) User=0.01s Sys=0.00s Real=0.00s
[2021-01-16T13:21:29.741+0000][4.734s] GC(7) Pause Young (Normal) (G1 Evacuation Pause)
[2021-01-16T13:21:29.741+0000][4.734s] GC(7) Using 1 workers of 1 for evacuation
[2021-01-16T13:21:29.748+0000][4.741s] GC(7)   Pre Evacuate Collection Set: 0.0ms
[2021-01-16T13:21:29.748+0000][4.741s] GC(7)   Evacuate Collection Set: 6.4ms
[2021-01-16T13:21:29.748+0000][4.741s] GC(7)   Post Evacuate Collection Set: 0.1ms
[2021-01-16T13:21:29.748+0000][4.741s] GC(7)   Other: 0.2ms
[2021-01-16T13:21:29.748+0000][4.741s] GC(7) Eden regions: 24->0(35)
[2021-01-16T13:21:29.748+0000][4.741s] GC(7) Survivor regions: 4->1(4)
[2021-01-16T13:21:29.748+0000][4.741s] GC(7) Old regions: 16->19
[2021-01-16T13:21:29.748+0000][4.741s] GC(7) Humongous regions: 4->4
[2021-01-16T13:21:29.748+0000][4.741s] GC(7) Metaspace: 29925K->29925K(1077248K)
[2021-01-16T13:21:29.748+0000][4.741s] GC(7) Pause Young (Normal) (G1 Evacuation Pause) 47M->23M(512M) 6.811ms
[2021-01-16T13:21:29.748+0000][4.741s] GC(7) User=0.00s Sys=0.00s Real=0.00s
[2021-01-16T13:21:30.793+0000][5.786s] GC(8) Pause Young (Normal) (G1 Evacuation Pause)
[2021-01-16T13:21:30.793+0000][5.786s] GC(8) Using 1 workers of 1 for evacuation
[2021-01-16T13:21:30.801+0000][5.794s] GC(8)   Pre Evacuate Collection Set: 0.0ms
[2021-01-16T13:21:30.801+0000][5.794s] GC(8)   Evacuate Collection Set: 7.9ms
[2021-01-16T13:21:30.801+0000][5.794s] GC(8)   Post Evacuate Collection Set: 0.2ms
[2021-01-16T13:21:30.801+0000][5.794s] GC(8)   Other: 0.2ms
[2021-01-16T13:21:30.801+0000][5.794s] GC(8) Eden regions: 35->0(55)
[2021-01-16T13:21:30.801+0000][5.794s] GC(8) Survivor regions: 1->2(5)
[2021-01-16T13:21:30.801+0000][5.794s] GC(8) Old regions: 19->19
[2021-01-16T13:21:30.801+0000][5.794s] GC(8) Humongous regions: 4->4
[2021-01-16T13:21:30.801+0000][5.794s] GC(8) Metaspace: 34142K->34142K(1081344K)
[2021-01-16T13:21:30.801+0000][5.794s] GC(8) Pause Young (Normal) (G1 Evacuation Pause) 58M->24M(512M) 8.299ms
[2021-01-16T13:21:30.801+0000][5.794s] GC(8) User=0.00s Sys=0.00s Real=0.01s
[2021-01-16T13:21:32.194+0000][7.187s] GC(9) Pause Young (Concurrent Start) (Metadata GC Threshold)
[2021-01-16T13:21:32.194+0000][7.187s] GC(9) Using 1 workers of 1 for evacuation
[2021-01-16T13:21:32.210+0000][7.203s] GC(9)   Pre Evacuate Collection Set: 0.1ms
[2021-01-16T13:21:32.210+0000][7.203s] GC(9)   Evacuate Collection Set: 15.7ms
[2021-01-16T13:21:32.210+0000][7.203s] GC(9)   Post Evacuate Collection Set: 0.3ms
[2021-01-16T13:21:32.210+0000][7.203s] GC(9)   Other: 0.2ms
[2021-01-16T13:21:32.210+0000][7.203s] GC(9) Eden regions: 51->0(68)
[2021-01-16T13:21:32.210+0000][7.203s] GC(9) Survivor regions: 2->5(8)
[2021-01-16T13:21:32.210+0000][7.203s] GC(9) Old regions: 19->19
[2021-01-16T13:21:32.210+0000][7.203s] GC(9) Humongous regions: 4->4
[2021-01-16T13:21:32.210+0000][7.203s] GC(9) Metaspace: 40318K->40318K(1085440K)
[2021-01-16T13:21:32.210+0000][7.203s] GC(9) Pause Young (Concurrent Start) (Metadata GC Threshold) 75M->27M(512M) 16.398ms
[2021-01-16T13:21:32.210+0000][7.203s] GC(9) User=0.01s Sys=0.01s Real=0.02s
[2021-01-16T13:21:32.211+0000][7.203s] GC(10) Concurrent Cycle
[2021-01-16T13:21:32.211+0000][7.203s] GC(10) Concurrent Clear Claimed Marks
[2021-01-16T13:21:32.211+0000][7.203s] GC(10) Concurrent Clear Claimed Marks 0.036ms
[2021-01-16T13:21:32.211+0000][7.203s] GC(10) Concurrent Scan Root Regions
[2021-01-16T13:21:32.218+0000][7.211s] GC(10) Concurrent Scan Root Regions 7.414ms
[2021-01-16T13:21:32.218+0000][7.211s] GC(10) Concurrent Mark (7.211s)
[2021-01-16T13:21:32.218+0000][7.211s] GC(10) Concurrent Mark From Roots
[2021-01-16T13:21:32.218+0000][7.211s] GC(10) Using 1 workers of 1 for marking
[2021-01-16T13:21:32.368+0000][7.361s] GC(10) Concurrent Mark From Roots 150.139ms
[2021-01-16T13:21:32.368+0000][7.361s] GC(10) Concurrent Preclean
[2021-01-16T13:21:32.368+0000][7.361s] GC(10) Concurrent Preclean 0.064ms
[2021-01-16T13:21:32.368+0000][7.361s] GC(10) Concurrent Mark (7.211s, 7.361s) 150.260ms
[2021-01-16T13:21:32.370+0000][7.363s] GC(10) Pause Remark
[2021-01-16T13:21:32.380+0000][7.373s] GC(10) Cleaned string and symbol table, strings: 18124 processed, 23 removed, symbols: 131077 processed, 76 removed
[2021-01-16T13:21:32.380+0000][7.373s] GC(10) Pause Remark 31M->31M(512M) 9.835ms
[2021-01-16T13:21:32.380+0000][7.373s] GC(10) User=0.01s Sys=0.00s Real=0.00s
[2021-01-16T13:21:32.381+0000][7.374s] GC(10) Concurrent Rebuild Remembered Sets
[2021-01-16T13:21:32.462+0000][7.454s] GC(10) Concurrent Rebuild Remembered Sets 80.504ms
[2021-01-16T13:21:32.464+0000][7.457s] GC(10) Pause Cleanup
[2021-01-16T13:21:32.464+0000][7.457s] GC(10) Pause Cleanup 36M->36M(512M) 0.109ms
[2021-01-16T13:21:32.464+0000][7.457s] GC(10) User=0.00s Sys=0.00s Real=0.00s
[2021-01-16T13:21:32.469+0000][7.462s] GC(10) Concurrent Cleanup for Next Mark
[2021-01-16T13:21:32.470+0000][7.463s] GC(10) Concurrent Cleanup for Next Mark 1.690ms
[2021-01-16T13:21:32.470+0000][7.463s] GC(10) Concurrent Cycle 259.930ms
[2021-01-16T13:21:33.190+0000][8.183s] GC(11) Pause Young (Concurrent Start) (G1 Evacuation Pause)
[2021-01-16T13:21:33.190+0000][8.183s] GC(11) Using 1 workers of 1 for evacuation
[2021-01-16T13:21:33.212+0000][8.205s] GC(11)   Pre Evacuate Collection Set: 0.1ms
[2021-01-16T13:21:33.212+0000][8.205s] GC(11)   Evacuate Collection Set: 21.9ms
[2021-01-16T13:21:33.212+0000][8.205s] GC(11)   Post Evacuate Collection Set: 0.3ms
[2021-01-16T13:21:33.212+0000][8.205s] GC(11)   Other: 0.3ms
[2021-01-16T13:21:33.212+0000][8.205s] GC(11) Eden regions: 70->0(83)
[2021-01-16T13:21:33.212+0000][8.205s] GC(11) Survivor regions: 5->6(10)
[2021-01-16T13:21:33.212+0000][8.205s] GC(11) Old regions: 19->19
[2021-01-16T13:21:33.212+0000][8.205s] GC(11) Humongous regions: 4->4
[2021-01-16T13:21:33.212+0000][8.205s] GC(11) Metaspace: 43501K->43501K(1089536K)
[2021-01-16T13:21:33.212+0000][8.205s] GC(11) Pause Young (Concurrent Start) (G1 Evacuation Pause) 97M->29M(512M) 22.670ms
[2021-01-16T13:21:33.212+0000][8.205s] GC(11) User=0.02s Sys=0.01s Real=0.02s
[2021-01-16T13:21:33.212+0000][8.205s] GC(12) Concurrent Cycle
[2021-01-16T13:21:33.212+0000][8.205s] GC(12) Concurrent Clear Claimed Marks
[2021-01-16T13:21:33.212+0000][8.205s] GC(12) Concurrent Clear Claimed Marks 0.030ms
[2021-01-16T13:21:33.212+0000][8.205s] GC(12) Concurrent Scan Root Regions
[2021-01-16T13:21:33.220+0000][8.213s] GC(12) Concurrent Scan Root Regions 7.758ms
[2021-01-16T13:21:33.220+0000][8.213s] GC(12) Concurrent Mark (8.213s)
[2021-01-16T13:21:33.220+0000][8.213s] GC(12) Concurrent Mark From Roots
[2021-01-16T13:21:33.220+0000][8.213s] GC(12) Using 1 workers of 1 for marking
[2021-01-16T13:21:33.333+0000][8.325s] GC(12) Concurrent Mark From Roots 112.397ms
[2021-01-16T13:21:33.333+0000][8.326s] GC(12) Concurrent Preclean
[2021-01-16T13:21:33.333+0000][8.326s] GC(12) Concurrent Preclean 0.086ms
[2021-01-16T13:21:33.333+0000][8.326s] GC(12) Concurrent Mark (8.213s, 8.326s) 112.555ms
[2021-01-16T13:21:33.333+0000][8.326s] GC(12) Pause Remark
[2021-01-16T13:21:33.344+0000][8.337s] GC(12) Cleaned string and symbol table, strings: 19422 processed, 2 removed, symbols: 139833 processed, 49 removed
[2021-01-16T13:21:33.344+0000][8.337s] GC(12) Pause Remark 37M->37M(512M) 11.060ms
[2021-01-16T13:21:33.344+0000][8.337s] GC(12) User=0.02s Sys=0.00s Real=0.01s
[2021-01-16T13:21:33.344+0000][8.337s] GC(12) Concurrent Rebuild Remembered Sets
[2021-01-16T13:21:33.378+0000][8.371s] GC(12) Concurrent Rebuild Remembered Sets 34.114ms
[2021-01-16T13:21:33.378+0000][8.371s] GC(12) Pause Cleanup
[2021-01-16T13:21:33.378+0000][8.371s] GC(12) Pause Cleanup 38M->38M(512M) 0.091ms
[2021-01-16T13:21:33.378+0000][8.371s] GC(12) User=0.00s Sys=0.00s Real=0.00s
[2021-01-16T13:21:33.378+0000][8.371s] GC(12) Concurrent Cleanup for Next Mark
[2021-01-16T13:21:33.382+0000][8.375s] GC(12) Concurrent Cleanup for Next Mark 3.943ms
[2021-01-16T13:21:33.382+0000][8.375s] GC(12) Concurrent Cycle 170.029ms
[2021-01-16T13:21:33.753+0000][8.746s] GC(13) Pause Young (Normal) (G1 Evacuation Pause)
[2021-01-16T13:21:33.753+0000][8.746s] GC(13) Using 1 workers of 1 for evacuation
[2021-01-16T13:21:33.805+0000][8.798s] GC(13)   Pre Evacuate Collection Set: 0.0ms
[2021-01-16T13:21:33.805+0000][8.798s] GC(13)   Evacuate Collection Set: 49.3ms
[2021-01-16T13:21:33.805+0000][8.798s] GC(13)   Post Evacuate Collection Set: 2.5ms
[2021-01-16T13:21:33.805+0000][8.798s] GC(13)   Other: 0.2ms
[2021-01-16T13:21:33.805+0000][8.798s] GC(13) Eden regions: 84->0(98)
[2021-01-16T13:21:33.805+0000][8.798s] GC(13) Survivor regions: 6->8(12)
[2021-01-16T13:21:33.805+0000][8.798s] GC(13) Old regions: 19->19
[2021-01-16T13:21:33.805+0000][8.798s] GC(13) Humongous regions: 5->4
[2021-01-16T13:21:33.805+0000][8.798s] GC(13) Metaspace: 44564K->44564K(1089536K)
[2021-01-16T13:21:33.805+0000][8.798s] GC(13) Pause Young (Normal) (G1 Evacuation Pause) 114M->31M(512M) 52.062ms
[2021-01-16T13:21:33.805+0000][8.798s] GC(13) User=0.03s Sys=0.00s Real=0.05s
[2021-01-16T13:21:34.831+0000][9.823s] GC(14) Pause Young (Normal) (G1 Evacuation Pause)
[2021-01-16T13:21:34.831+0000][9.823s] GC(14) Using 1 workers of 1 for evacuation
[2021-01-16T13:21:34.853+0000][9.845s] GC(14)   Pre Evacuate Collection Set: 0.0ms
[2021-01-16T13:21:34.853+0000][9.845s] GC(14)   Evacuate Collection Set: 21.5ms
[2021-01-16T13:21:34.853+0000][9.845s] GC(14)   Post Evacuate Collection Set: 0.4ms
[2021-01-16T13:21:34.853+0000][9.846s] GC(14)   Other: 0.2ms
[2021-01-16T13:21:34.853+0000][9.846s] GC(14) Eden regions: 98->0(116)
[2021-01-16T13:21:34.853+0000][9.846s] GC(14) Survivor regions: 8->7(14)
[2021-01-16T13:21:34.853+0000][9.846s] GC(14) Old regions: 19->21
[2021-01-16T13:21:34.853+0000][9.846s] GC(14) Humongous regions: 4->4
[2021-01-16T13:21:34.853+0000][9.846s] GC(14) Metaspace: 48045K->48045K(1093632K)
[2021-01-16T13:21:34.853+0000][9.846s] GC(14) Pause Young (Normal) (G1 Evacuation Pause) 129M->31M(512M) 22.237ms
[2021-01-16T13:21:34.853+0000][9.846s] GC(14) User=0.02s Sys=0.01s Real=0.02s
[2021-01-16T13:21:53.264+0000][28.257s] GC(15) Pause Young (Normal) (G1 Evacuation Pause)
[2021-01-16T13:21:53.264+0000][28.257s] GC(15) Using 1 workers of 1 for evacuation
[2021-01-16T13:21:53.332+0000][28.325s] GC(15)   Pre Evacuate Collection Set: 0.0ms
[2021-01-16T13:21:53.332+0000][28.325s] GC(15)   Evacuate Collection Set: 67.3ms
[2021-01-16T13:21:53.332+0000][28.325s] GC(15)   Post Evacuate Collection Set: 0.5ms
[2021-01-16T13:21:53.332+0000][28.325s] GC(15)   Other: 0.2ms
[2021-01-16T13:21:53.332+0000][28.325s] GC(15) Eden regions: 116->0(134)
[2021-01-16T13:21:53.332+0000][28.325s] GC(15) Survivor regions: 7->13(16)
[2021-01-16T13:21:53.332+0000][28.325s] GC(15) Old regions: 21->21
[2021-01-16T13:21:53.332+0000][28.325s] GC(15) Humongous regions: 4->4
[2021-01-16T13:21:53.332+0000][28.325s] GC(15) Metaspace: 55326K->55326K(1099776K)
[2021-01-16T13:21:53.332+0000][28.325s] GC(15) Pause Young (Normal) (G1 Evacuation Pause) 147M->36M(512M) 68.137ms
[2021-01-16T13:21:53.332+0000][28.325s] GC(15) User=0.07s Sys=0.00s Real=0.07s
[2021-01-16T17:16:33.636+0000][14108.629s] GC(16) Pause Young (Normal) (G1 Evacuation Pause)
[2021-01-16T17:16:33.637+0000][14108.629s] GC(16) Using 1 workers of 1 for evacuation
[2021-01-16T17:16:33.676+0000][14108.669s] GC(16)   Pre Evacuate Collection Set: 0.0ms
[2021-01-16T17:16:33.676+0000][14108.669s] GC(16)   Evacuate Collection Set: 38.8ms
[2021-01-16T17:16:33.676+0000][14108.669s] GC(16)   Post Evacuate Collection Set: 0.7ms
[2021-01-16T17:16:33.676+0000][14108.669s] GC(16)   Other: 0.7ms
[2021-01-16T17:16:33.676+0000][14108.669s] GC(16) Eden regions: 134->0(295)
[2021-01-16T17:16:33.676+0000][14108.669s] GC(16) Survivor regions: 13->12(19)
[2021-01-16T17:16:33.676+0000][14108.669s] GC(16) Old regions: 21->24
[2021-01-16T17:16:33.676+0000][14108.669s] GC(16) Humongous regions: 4->4
[2021-01-16T17:16:33.676+0000][14108.669s] GC(16) Metaspace: 58067K->58067K(1101824K)
[2021-01-16T17:16:33.676+0000][14108.669s] GC(16) Pause Young (Normal) (G1 Evacuation Pause) 170M->39M(512M) 40.337ms
[2021-01-16T17:16:33.676+0000][14108.669s] GC(16) User=0.03s Sys=0.01s Real=0.04s
[2021-01-17T04:21:33.625+0000][54008.618s] GC(17) Pause Young (Normal) (G1 Evacuation Pause)
[2021-01-17T04:21:33.625+0000][54008.618s] GC(17) Using 1 workers of 1 for evacuation
[2021-01-17T04:21:33.654+0000][54008.647s] GC(17)   Pre Evacuate Collection Set: 0.0ms
[2021-01-17T04:21:33.654+0000][54008.647s] GC(17)   Evacuate Collection Set: 28.1ms
[2021-01-17T04:21:33.654+0000][54008.647s] GC(17)   Post Evacuate Collection Set: 0.8ms
[2021-01-17T04:21:33.654+0000][54008.647s] GC(17)   Other: 0.3ms
[2021-01-17T04:21:33.654+0000][54008.647s] GC(17) Eden regions: 295->0(296)
[2021-01-17T04:21:33.654+0000][54008.647s] GC(17) Survivor regions: 12->11(39)
[2021-01-17T04:21:33.654+0000][54008.647s] GC(17) Old regions: 24->24
[2021-01-17T04:21:33.654+0000][54008.647s] GC(17) Humongous regions: 7->7
[2021-01-17T04:21:33.654+0000][54008.647s] GC(17) Metaspace: 58960K->58960K(1101824K)
[2021-01-17T04:21:33.654+0000][54008.647s] GC(17) Pause Young (Normal) (G1 Evacuation Pause) 337M->41M(512M) 29.318ms
[2021-01-17T04:21:33.654+0000][54008.647s] GC(17) User=0.00s Sys=0.03s Real=0.03s
[2021-01-17T16:12:34.576+0000][96669.569s] GC(18) Pause Young (Normal) (G1 Evacuation Pause)
[2021-01-17T16:12:34.576+0000][96669.569s] GC(18) Using 1 workers of 1 for evacuation
[2021-01-17T16:12:34.598+0000][96669.591s] GC(18)   Pre Evacuate Collection Set: 0.0ms
[2021-01-17T16:12:34.598+0000][96669.591s] GC(18)   Evacuate Collection Set: 20.9ms
[2021-01-17T16:12:34.598+0000][96669.591s] GC(18)   Post Evacuate Collection Set: 0.7ms
[2021-01-17T16:12:34.598+0000][96669.591s] GC(18)   Other: 0.2ms
[2021-01-17T16:12:34.598+0000][96669.591s] GC(18) Eden regions: 296->0(296)
[2021-01-17T16:12:34.598+0000][96669.591s] GC(18) Survivor regions: 11->11(39)
[2021-01-17T16:12:34.598+0000][96669.591s] GC(18) Old regions: 24->24
[2021-01-17T16:12:34.598+0000][96669.591s] GC(18) Humongous regions: 7->7
[2021-01-17T16:12:34.598+0000][96669.591s] GC(18) Metaspace: 58992K->58992K(1101824K)
[2021-01-17T16:12:34.598+0000][96669.591s] GC(18) Pause Young (Normal) (G1 Evacuation Pause) 337M->41M(512M) 21.946ms
[2021-01-17T16:12:34.598+0000][96669.591s] GC(18) User=0.02s Sys=0.00s Real=0.02s
[2021-01-18T04:06:44.376+0000][139519.369s] GC(19) Pause Young (Normal) (G1 Evacuation Pause)
[2021-01-18T04:06:44.377+0000][139519.370s] GC(19) Using 1 workers of 1 for evacuation
[2021-01-18T04:06:44.399+0000][139519.392s] GC(19)   Pre Evacuate Collection Set: 0.0ms
[2021-01-18T04:06:44.399+0000][139519.392s] GC(19)   Evacuate Collection Set: 21.1ms
[2021-01-18T04:06:44.399+0000][139519.392s] GC(19)   Post Evacuate Collection Set: 0.7ms
[2021-01-18T04:06:44.399+0000][139519.392s] GC(19)   Other: 0.7ms
[2021-01-18T04:06:44.399+0000][139519.392s] GC(19) Eden regions: 296->0(295)
[2021-01-18T04:06:44.399+0000][139519.392s] GC(19) Survivor regions: 11->12(39)
[2021-01-18T04:06:44.399+0000][139519.392s] GC(19) Old regions: 24->24
[2021-01-18T04:06:44.399+0000][139519.392s] GC(19) Humongous regions: 7->7
[2021-01-18T04:06:44.399+0000][139519.392s] GC(19) Metaspace: 59055K->59055K(1101824K)
[2021-01-18T04:06:44.399+0000][139519.392s] GC(19) Pause Young (Normal) (G1 Evacuation Pause) 337M->41M(512M) 22.636ms
[2021-01-18T04:06:44.399+0000][139519.392s] GC(19) User=0.02s Sys=0.00s Real=0.02s
[2021-01-18T15:32:36.339+0000][180671.332s] GC(20) Pause Young (Normal) (G1 Evacuation Pause)
[2021-01-18T15:32:36.339+0000][180671.332s] GC(20) Using 1 workers of 1 for evacuation
[2021-01-18T15:32:36.362+0000][180671.355s] GC(20)   Pre Evacuate Collection Set: 0.0ms
[2021-01-18T15:32:36.362+0000][180671.355s] GC(20)   Evacuate Collection Set: 21.7ms
[2021-01-18T15:32:36.362+0000][180671.355s] GC(20)   Post Evacuate Collection Set: 0.7ms
[2021-01-18T15:32:36.362+0000][180671.355s] GC(20)   Other: 0.7ms
[2021-01-18T15:32:36.362+0000][180671.355s] GC(20) Eden regions: 295->0(295)
[2021-01-18T15:32:36.362+0000][180671.355s] GC(20) Survivor regions: 12->12(39)
[2021-01-18T15:32:36.362+0000][180671.355s] GC(20) Old regions: 24->24
[2021-01-18T15:32:36.362+0000][180671.355s] GC(20) Humongous regions: 7->7
[2021-01-18T15:32:36.362+0000][180671.355s] GC(20) Metaspace: 59358K->59358K(1103872K)
[2021-01-18T15:32:36.362+0000][180671.355s] GC(20) Pause Young (Normal) (G1 Evacuation Pause) 336M->41M(512M) 23.271ms
[2021-01-18T15:32:36.362+0000][180671.355s] GC(20) User=0.02s Sys=0.00s Real=0.03s
[2021-01-19T03:42:37.235+0000][224472.228s] GC(21) Pause Young (Normal) (G1 Evacuation Pause)
[2021-01-19T03:42:37.236+0000][224472.228s] GC(21) Using 1 workers of 1 for evacuation
[2021-01-19T03:42:37.258+0000][224472.250s] GC(21)   Pre Evacuate Collection Set: 0.0ms
[2021-01-19T03:42:37.258+0000][224472.250s] GC(21)   Evacuate Collection Set: 21.3ms
[2021-01-19T03:42:37.258+0000][224472.250s] GC(21)   Post Evacuate Collection Set: 0.7ms
[2021-01-19T03:42:37.258+0000][224472.251s] GC(21)   Other: 0.7ms
[2021-01-19T03:42:37.258+0000][224472.251s] GC(21) Eden regions: 295->0(295)
[2021-01-19T03:42:37.258+0000][224472.251s] GC(21) Survivor regions: 12->12(39)
[2021-01-19T03:42:37.258+0000][224472.251s] GC(21) Old regions: 24->24
[2021-01-19T03:42:37.258+0000][224472.251s] GC(21) Humongous regions: 7->7
[2021-01-19T03:42:37.258+0000][224472.251s] GC(21) Metaspace: 59381K->59381K(1103872K)
[2021-01-19T03:42:37.258+0000][224472.251s] GC(21) Pause Young (Normal) (G1 Evacuation Pause) 336M->41M(512M) 22.763ms
[2021-01-19T03:42:37.258+0000][224472.251s] GC(21) User=0.00s Sys=0.02s Real=0.02s
