[2021-01-11T14:23:06.824+0000][0.021s] Heap region size: 1M
[2021-01-11T14:23:06.860+0000][0.057s] Using G1
[2021-01-11T14:23:06.860+0000][0.057s] Heap address: 0x00000000e0000000, size: 512 MB, Compressed Oops mode: 32-bit
[2021-01-11T14:23:08.205+0000][1.402s] GC(0) Pause Young (Normal) (G1 Evacuation Pause)
[2021-01-11T14:23:08.205+0000][1.402s] GC(0) Using 1 workers of 1 for evacuation
[2021-01-11T14:23:08.219+0000][1.416s] GC(0)   Pre Evacuate Collection Set: 0.0ms
[2021-01-11T14:23:08.219+0000][1.416s] GC(0)   Evacuate Collection Set: 11.9ms
[2021-01-11T14:23:08.219+0000][1.416s] GC(0)   Post Evacuate Collection Set: 1.8ms
[2021-01-11T14:23:08.219+0000][1.416s] GC(0)   Other: 0.1ms
[2021-01-11T14:23:08.219+0000][1.416s] GC(0) Eden regions: 25->0(22)
[2021-01-11T14:23:08.219+0000][1.416s] GC(0) Survivor regions: 0->3(4)
[2021-01-11T14:23:08.219+0000][1.416s] GC(0) Old regions: 0->0
[2021-01-11T14:23:08.219+0000][1.416s] GC(0) Humongous regions: 0->0
[2021-01-11T14:23:08.219+0000][1.416s] GC(0) Metaspace: 12072K->12072K(1060864K)
[2021-01-11T14:23:08.219+0000][1.416s] GC(0) Pause Young (Normal) (G1 Evacuation Pause) 25M->2M(512M) 13.974ms
[2021-01-11T14:23:08.219+0000][1.416s] GC(0) User=0.02s Sys=0.00s Real=0.01s
[2021-01-11T14:23:08.832+0000][2.029s] GC(1) Pause Young (Normal) (G1 Evacuation Pause)
[2021-01-11T14:23:08.832+0000][2.029s] GC(1) Using 1 workers of 1 for evacuation
[2021-01-11T14:23:08.845+0000][2.042s] GC(1)   Pre Evacuate Collection Set: 0.0ms
[2021-01-11T14:23:08.845+0000][2.042s] GC(1)   Evacuate Collection Set: 12.6ms
[2021-01-11T14:23:08.845+0000][2.042s] GC(1)   Post Evacuate Collection Set: 0.2ms
[2021-01-11T14:23:08.845+0000][2.042s] GC(1)   Other: 0.2ms
[2021-01-11T14:23:08.845+0000][2.042s] GC(1) Eden regions: 22->0(23)
[2021-01-11T14:23:08.845+0000][2.042s] GC(1) Survivor regions: 3->2(4)
[2021-01-11T14:23:08.845+0000][2.042s] GC(1) Old regions: 0->3
[2021-01-11T14:23:08.845+0000][2.042s] GC(1) Humongous regions: 0->0
[2021-01-11T14:23:08.845+0000][2.042s] GC(1) Metaspace: 15595K->15595K(1062912K)
[2021-01-11T14:23:08.845+0000][2.042s] GC(1) Pause Young (Normal) (G1 Evacuation Pause) 24M->4M(512M) 13.143ms
[2021-01-11T14:23:08.845+0000][2.042s] GC(1) User=0.01s Sys=0.00s Real=0.02s
[2021-01-11T14:23:09.772+0000][2.969s] GC(2) Pause Young (Concurrent Start) (Metadata GC Threshold)
[2021-01-11T14:23:09.772+0000][2.969s] GC(2) Using 1 workers of 1 for evacuation
[2021-01-11T14:23:09.817+0000][3.014s] GC(2)   Pre Evacuate Collection Set: 0.0ms
[2021-01-11T14:23:09.817+0000][3.014s] GC(2)   Evacuate Collection Set: 44.7ms
[2021-01-11T14:23:09.817+0000][3.014s] GC(2)   Post Evacuate Collection Set: 0.3ms
[2021-01-11T14:23:09.817+0000][3.014s] GC(2)   Other: 0.2ms
[2021-01-11T14:23:09.817+0000][3.014s] GC(2) Eden regions: 22->0(21)
[2021-01-11T14:23:09.817+0000][3.014s] GC(2) Survivor regions: 2->4(4)
[2021-01-11T14:23:09.817+0000][3.014s] GC(2) Old regions: 3->8
[2021-01-11T14:23:09.817+0000][3.014s] GC(2) Humongous regions: 4->4
[2021-01-11T14:23:09.817+0000][3.014s] GC(2) Metaspace: 20777K->20777K(1069056K)
[2021-01-11T14:23:09.817+0000][3.014s] GC(2) Pause Young (Concurrent Start) (Metadata GC Threshold) 29M->15M(512M) 45.386ms
[2021-01-11T14:23:09.817+0000][3.014s] GC(2) User=0.04s Sys=0.01s Real=0.05s
[2021-01-11T14:23:09.817+0000][3.014s] GC(3) Concurrent Cycle
[2021-01-11T14:23:09.817+0000][3.014s] GC(3) Concurrent Clear Claimed Marks
[2021-01-11T14:23:09.817+0000][3.014s] GC(3) Concurrent Clear Claimed Marks 0.038ms
[2021-01-11T14:23:09.817+0000][3.014s] GC(3) Concurrent Scan Root Regions
[2021-01-11T14:23:09.823+0000][3.020s] GC(3) Concurrent Scan Root Regions 5.901ms
[2021-01-11T14:23:09.823+0000][3.020s] GC(3) Concurrent Mark (3.020s)
[2021-01-11T14:23:09.823+0000][3.020s] GC(3) Concurrent Mark From Roots
[2021-01-11T14:23:09.823+0000][3.020s] GC(3) Using 1 workers of 1 for marking
[2021-01-11T14:23:09.873+0000][3.070s] GC(3) Concurrent Mark From Roots 49.344ms
[2021-01-11T14:23:09.873+0000][3.070s] GC(3) Concurrent Preclean
[2021-01-11T14:23:09.873+0000][3.070s] GC(3) Concurrent Preclean 0.052ms
[2021-01-11T14:23:09.873+0000][3.070s] GC(3) Concurrent Mark (3.020s, 3.070s) 49.459ms
[2021-01-11T14:23:09.873+0000][3.070s] GC(3) Pause Remark
[2021-01-11T14:23:09.877+0000][3.074s] GC(3) Cleaned string and symbol table, strings: 10022 processed, 3 removed, symbols: 69159 processed, 17 removed
[2021-01-11T14:23:09.877+0000][3.074s] GC(3) Pause Remark 16M->16M(512M) 4.374ms
[2021-01-11T14:23:09.877+0000][3.074s] GC(3) User=0.00s Sys=0.00s Real=0.00s
[2021-01-11T14:23:09.877+0000][3.074s] GC(3) Concurrent Rebuild Remembered Sets
[2021-01-11T14:23:09.916+0000][3.113s] GC(3) Concurrent Rebuild Remembered Sets 38.357ms
[2021-01-11T14:23:09.916+0000][3.113s] GC(3) Pause Cleanup
[2021-01-11T14:23:09.916+0000][3.113s] GC(3) Pause Cleanup 17M->17M(512M) 0.114ms
[2021-01-11T14:23:09.916+0000][3.113s] GC(3) User=0.00s Sys=0.00s Real=0.00s
[2021-01-11T14:23:09.916+0000][3.113s] GC(3) Concurrent Cleanup for Next Mark
[2021-01-11T14:23:09.926+0000][3.123s] GC(3) Concurrent Cleanup for Next Mark 9.654ms
[2021-01-11T14:23:09.926+0000][3.123s] GC(3) Concurrent Cycle 108.273ms
[2021-01-11T14:23:10.613+0000][3.810s] GC(4) Pause Young (Concurrent Start) (G1 Evacuation Pause)
[2021-01-11T14:23:10.613+0000][3.810s] GC(4) Using 1 workers of 1 for evacuation
[2021-01-11T14:23:10.629+0000][3.826s] GC(4)   Pre Evacuate Collection Set: 0.0ms
[2021-01-11T14:23:10.629+0000][3.826s] GC(4)   Evacuate Collection Set: 15.8ms
[2021-01-11T14:23:10.629+0000][3.826s] GC(4)   Post Evacuate Collection Set: 0.4ms
[2021-01-11T14:23:10.629+0000][3.826s] GC(4)   Other: 0.2ms
[2021-01-11T14:23:10.629+0000][3.826s] GC(4) Eden regions: 21->0(21)
[2021-01-11T14:23:10.629+0000][3.826s] GC(4) Survivor regions: 4->4(4)
[2021-01-11T14:23:10.629+0000][3.826s] GC(4) Old regions: 8->12
[2021-01-11T14:23:10.629+0000][3.826s] GC(4) Humongous regions: 4->4
[2021-01-11T14:23:10.629+0000][3.826s] GC(4) Metaspace: 24070K->24070K(1071104K)
[2021-01-11T14:23:10.629+0000][3.826s] GC(4) Pause Young (Concurrent Start) (G1 Evacuation Pause) 36M->20M(512M) 16.640ms
[2021-01-11T14:23:10.629+0000][3.826s] GC(4) User=0.01s Sys=0.00s Real=0.01s
[2021-01-11T14:23:10.629+0000][3.826s] GC(5) Concurrent Cycle
[2021-01-11T14:23:10.629+0000][3.826s] GC(5) Concurrent Clear Claimed Marks
[2021-01-11T14:23:10.629+0000][3.826s] GC(5) Concurrent Clear Claimed Marks 0.032ms
[2021-01-11T14:23:10.629+0000][3.826s] GC(5) Concurrent Scan Root Regions
[2021-01-11T14:23:10.630+0000][3.827s] GC(5) Concurrent Scan Root Regions 0.970ms
[2021-01-11T14:23:10.630+0000][3.827s] GC(5) Concurrent Mark (3.827s)
[2021-01-11T14:23:10.630+0000][3.827s] GC(5) Concurrent Mark From Roots
[2021-01-11T14:23:10.630+0000][3.827s] GC(5) Using 1 workers of 1 for marking
[2021-01-11T14:23:10.713+0000][3.910s] GC(5) Concurrent Mark From Roots 82.818ms
[2021-01-11T14:23:10.713+0000][3.910s] GC(5) Concurrent Preclean
[2021-01-11T14:23:10.713+0000][3.910s] GC(5) Concurrent Preclean 0.066ms
[2021-01-11T14:23:10.713+0000][3.910s] GC(5) Concurrent Mark (3.827s, 3.910s) 82.934ms
[2021-01-11T14:23:10.713+0000][3.910s] GC(5) Pause Remark
[2021-01-11T14:23:10.719+0000][3.916s] GC(5) Cleaned string and symbol table, strings: 11416 processed, 0 removed, symbols: 77931 processed, 4 removed
[2021-01-11T14:23:10.721+0000][3.918s] GC(5) Pause Remark 22M->22M(512M) 7.330ms
[2021-01-11T14:23:10.721+0000][3.918s] GC(5) User=0.01s Sys=0.00s Real=0.00s
[2021-01-11T14:23:10.721+0000][3.918s] GC(5) Concurrent Rebuild Remembered Sets
[2021-01-11T14:23:10.754+0000][3.951s] GC(5) Concurrent Rebuild Remembered Sets 33.456ms
[2021-01-11T14:23:10.754+0000][3.952s] GC(5) Pause Cleanup
[2021-01-11T14:23:10.755+0000][3.952s] GC(5) Pause Cleanup 23M->23M(512M) 0.120ms
[2021-01-11T14:23:10.755+0000][3.952s] GC(5) User=0.00s Sys=0.00s Real=0.00s
[2021-01-11T14:23:10.755+0000][3.952s] GC(5) Concurrent Cleanup for Next Mark
[2021-01-11T14:23:10.757+0000][3.954s] GC(5) Concurrent Cleanup for Next Mark 1.714ms
[2021-01-11T14:23:10.757+0000][3.954s] GC(5) Concurrent Cycle 127.375ms
[2021-01-11T14:23:11.394+0000][4.591s] GC(6) Pause Young (Normal) (G1 Evacuation Pause)
[2021-01-11T14:23:11.394+0000][4.591s] GC(6) Using 1 workers of 1 for evacuation
[2021-01-11T14:23:11.413+0000][4.610s] GC(6)   Pre Evacuate Collection Set: 0.0ms
[2021-01-11T14:23:11.413+0000][4.610s] GC(6)   Evacuate Collection Set: 18.3ms
[2021-01-11T14:23:11.413+0000][4.610s] GC(6)   Post Evacuate Collection Set: 0.5ms
[2021-01-11T14:23:11.413+0000][4.610s] GC(6)   Other: 0.2ms
[2021-01-11T14:23:11.413+0000][4.610s] GC(6) Eden regions: 21->0(24)
[2021-01-11T14:23:11.413+0000][4.610s] GC(6) Survivor regions: 4->4(4)
[2021-01-11T14:23:11.413+0000][4.610s] GC(6) Old regions: 12->16
[2021-01-11T14:23:11.413+0000][4.610s] GC(6) Humongous regions: 4->4
[2021-01-11T14:23:11.413+0000][4.610s] GC(6) Metaspace: 26279K->26279K(1073152K)
[2021-01-11T14:23:11.413+0000][4.610s] GC(6) Pause Young (Normal) (G1 Evacuation Pause) 41M->23M(512M) 19.064ms
[2021-01-11T14:23:11.413+0000][4.610s] GC(6) User=0.01s Sys=0.00s Real=0.02s
[2021-01-11T14:23:11.862+0000][5.059s] GC(7) Pause Young (Normal) (G1 Evacuation Pause)
[2021-01-11T14:23:11.862+0000][5.059s] GC(7) Using 1 workers of 1 for evacuation
[2021-01-11T14:23:11.870+0000][5.067s] GC(7)   Pre Evacuate Collection Set: 0.0ms
[2021-01-11T14:23:11.870+0000][5.067s] GC(7)   Evacuate Collection Set: 7.2ms
[2021-01-11T14:23:11.870+0000][5.067s] GC(7)   Post Evacuate Collection Set: 0.2ms
[2021-01-11T14:23:11.870+0000][5.067s] GC(7)   Other: 0.1ms
[2021-01-11T14:23:11.870+0000][5.067s] GC(7) Eden regions: 24->0(35)
[2021-01-11T14:23:11.870+0000][5.067s] GC(7) Survivor regions: 4->1(4)
[2021-01-11T14:23:11.870+0000][5.067s] GC(7) Old regions: 16->19
[2021-01-11T14:23:11.870+0000][5.067s] GC(7) Humongous regions: 4->4
[2021-01-11T14:23:11.870+0000][5.067s] GC(7) Metaspace: 30093K->30093K(1077248K)
[2021-01-11T14:23:11.870+0000][5.067s] GC(7) Pause Young (Normal) (G1 Evacuation Pause) 47M->23M(512M) 7.633ms
[2021-01-11T14:23:11.870+0000][5.067s] GC(7) User=0.00s Sys=0.00s Real=0.01s
[2021-01-11T14:23:13.234+0000][6.431s] GC(8) Pause Young (Normal) (G1 Evacuation Pause)
[2021-01-11T14:23:13.234+0000][6.431s] GC(8) Using 1 workers of 1 for evacuation
[2021-01-11T14:23:13.239+0000][6.436s] GC(8)   Pre Evacuate Collection Set: 0.0ms
[2021-01-11T14:23:13.239+0000][6.436s] GC(8)   Evacuate Collection Set: 3.1ms
[2021-01-11T14:23:13.239+0000][6.436s] GC(8)   Post Evacuate Collection Set: 1.5ms
[2021-01-11T14:23:13.239+0000][6.436s] GC(8)   Other: 0.1ms
[2021-01-11T14:23:13.239+0000][6.436s] GC(8) Eden regions: 35->0(56)
[2021-01-11T14:23:13.239+0000][6.436s] GC(8) Survivor regions: 1->1(5)
[2021-01-11T14:23:13.239+0000][6.436s] GC(8) Old regions: 19->19
[2021-01-11T14:23:13.239+0000][6.436s] GC(8) Humongous regions: 4->4
[2021-01-11T14:23:13.239+0000][6.436s] GC(8) Metaspace: 32087K->32087K(1079296K)
[2021-01-11T14:23:13.239+0000][6.436s] GC(8) Pause Young (Normal) (G1 Evacuation Pause) 58M->23M(512M) 4.836ms
[2021-01-11T14:23:13.239+0000][6.436s] GC(8) User=0.00s Sys=0.00s Real=0.00s
[2021-01-11T14:23:14.961+0000][8.158s] GC(9) Pause Young (Normal) (G1 Evacuation Pause)
[2021-01-11T14:23:14.961+0000][8.158s] GC(9) Using 1 workers of 1 for evacuation
[2021-01-11T14:23:14.977+0000][8.174s] GC(9)   Pre Evacuate Collection Set: 0.0ms
[2021-01-11T14:23:14.977+0000][8.174s] GC(9)   Evacuate Collection Set: 15.8ms
[2021-01-11T14:23:14.977+0000][8.174s] GC(9)   Post Evacuate Collection Set: 0.3ms
[2021-01-11T14:23:14.977+0000][8.174s] GC(9)   Other: 0.2ms
[2021-01-11T14:23:14.977+0000][8.174s] GC(9) Eden regions: 56->0(66)
[2021-01-11T14:23:14.977+0000][8.174s] GC(9) Survivor regions: 1->5(8)
[2021-01-11T14:23:14.977+0000][8.174s] GC(9) Old regions: 19->19
[2021-01-11T14:23:14.977+0000][8.174s] GC(9) Humongous regions: 4->4
[2021-01-11T14:23:14.977+0000][8.174s] GC(9) Metaspace: 39905K->39905K(1085440K)
[2021-01-11T14:23:14.977+0000][8.174s] GC(9) Pause Young (Normal) (G1 Evacuation Pause) 79M->27M(512M) 16.403ms
[2021-01-11T14:23:14.977+0000][8.174s] GC(9) User=0.02s Sys=0.00s Real=0.02s
[2021-01-11T14:23:15.080+0000][8.277s] GC(10) Pause Young (Concurrent Start) (Metadata GC Threshold)
[2021-01-11T14:23:15.080+0000][8.277s] GC(10) Using 1 workers of 1 for evacuation
[2021-01-11T14:23:15.100+0000][8.297s] GC(10)   Pre Evacuate Collection Set: 0.1ms
[2021-01-11T14:23:15.100+0000][8.297s] GC(10)   Evacuate Collection Set: 18.6ms
[2021-01-11T14:23:15.100+0000][8.297s] GC(10)   Post Evacuate Collection Set: 0.7ms
[2021-01-11T14:23:15.100+0000][8.297s] GC(10)   Other: 0.2ms
[2021-01-11T14:23:15.100+0000][8.297s] GC(10) Eden regions: 5->0(69)
[2021-01-11T14:23:15.100+0000][8.297s] GC(10) Survivor regions: 5->5(9)
[2021-01-11T14:23:15.100+0000][8.297s] GC(10) Old regions: 19->19
[2021-01-11T14:23:15.100+0000][8.297s] GC(10) Humongous regions: 4->4
[2021-01-11T14:23:15.100+0000][8.297s] GC(10) Metaspace: 40320K->40320K(1085440K)
[2021-01-11T14:23:15.100+0000][8.297s] GC(10) Pause Young (Concurrent Start) (Metadata GC Threshold) 31M->27M(512M) 19.625ms
[2021-01-11T14:23:15.100+0000][8.297s] GC(10) User=0.01s Sys=0.00s Real=0.02s
[2021-01-11T14:23:15.100+0000][8.297s] GC(11) Concurrent Cycle
[2021-01-11T14:23:15.100+0000][8.297s] GC(11) Concurrent Clear Claimed Marks
[2021-01-11T14:23:15.100+0000][8.297s] GC(11) Concurrent Clear Claimed Marks 0.035ms
[2021-01-11T14:23:15.100+0000][8.297s] GC(11) Concurrent Scan Root Regions
[2021-01-11T14:23:15.103+0000][8.300s] GC(11) Concurrent Scan Root Regions 2.903ms
[2021-01-11T14:23:15.103+0000][8.300s] GC(11) Concurrent Mark (8.300s)
[2021-01-11T14:23:15.103+0000][8.300s] GC(11) Concurrent Mark From Roots
[2021-01-11T14:23:15.103+0000][8.300s] GC(11) Using 1 workers of 1 for marking
[2021-01-11T14:23:15.209+0000][8.406s] GC(11) Concurrent Mark From Roots 106.426ms
[2021-01-11T14:23:15.209+0000][8.406s] GC(11) Concurrent Preclean
[2021-01-11T14:23:15.209+0000][8.406s] GC(11) Concurrent Preclean 0.061ms
[2021-01-11T14:23:15.209+0000][8.406s] GC(11) Concurrent Mark (8.300s, 8.406s) 106.549ms
[2021-01-11T14:23:15.210+0000][8.407s] GC(11) Pause Remark
[2021-01-11T14:23:15.220+0000][8.417s] GC(11) Cleaned string and symbol table, strings: 18035 processed, 24 removed, symbols: 130912 processed, 77 removed
[2021-01-11T14:23:15.220+0000][8.417s] GC(11) Pause Remark 29M->29M(512M) 10.526ms
[2021-01-11T14:23:15.220+0000][8.417s] GC(11) User=0.01s Sys=0.00s Real=0.01s
[2021-01-11T14:23:15.224+0000][8.421s] GC(11) Concurrent Rebuild Remembered Sets
[2021-01-11T14:23:15.287+0000][8.484s] GC(11) Concurrent Rebuild Remembered Sets 62.987ms
[2021-01-11T14:23:15.288+0000][8.485s] GC(11) Pause Cleanup
[2021-01-11T14:23:15.288+0000][8.485s] GC(11) Pause Cleanup 30M->30M(512M) 0.119ms
[2021-01-11T14:23:15.288+0000][8.485s] GC(11) User=0.00s Sys=0.00s Real=0.00s
[2021-01-11T14:23:15.288+0000][8.485s] GC(11) Concurrent Cleanup for Next Mark
[2021-01-11T14:23:15.289+0000][8.486s] GC(11) Concurrent Cleanup for Next Mark 1.346ms
[2021-01-11T14:23:15.289+0000][8.486s] GC(11) Concurrent Cycle 189.523ms
[2021-01-11T14:24:40.731+0000][93.928s] GC(12) Pause Young (Normal) (G1 Evacuation Pause)
[2021-01-11T14:24:40.731+0000][93.928s] GC(12) Using 1 workers of 1 for evacuation
[2021-01-11T14:24:40.757+0000][93.954s] GC(12)   Pre Evacuate Collection Set: 0.0ms
[2021-01-11T14:24:40.757+0000][93.954s] GC(12)   Evacuate Collection Set: 25.2ms
[2021-01-11T14:24:40.757+0000][93.954s] GC(12)   Post Evacuate Collection Set: 0.5ms
[2021-01-11T14:24:40.757+0000][93.954s] GC(12)   Other: 0.2ms
[2021-01-11T14:24:40.757+0000][93.954s] GC(12) Eden regions: 70->0(100)
[2021-01-11T14:24:40.757+0000][93.954s] GC(12) Survivor regions: 5->9(10)
[2021-01-11T14:24:40.757+0000][93.954s] GC(12) Old regions: 19->19
[2021-01-11T14:24:40.757+0000][93.954s] GC(12) Humongous regions: 4->4
[2021-01-11T14:24:40.757+0000][93.954s] GC(12) Metaspace: 45080K->45080K(1089536K)
[2021-01-11T14:24:40.757+0000][93.954s] GC(12) Pause Young (Normal) (G1 Evacuation Pause) 97M->31M(512M) 25.971ms
[2021-01-11T14:24:40.757+0000][93.954s] GC(12) User=0.01s Sys=0.02s Real=0.03s
[2021-01-11T14:24:41.426+0000][94.624s] GC(13) Pause Young (Normal) (G1 Evacuation Pause)
[2021-01-11T14:24:41.427+0000][94.624s] GC(13) Using 1 workers of 1 for evacuation
[2021-01-11T14:24:41.451+0000][94.648s] GC(13)   Pre Evacuate Collection Set: 0.0ms
[2021-01-11T14:24:41.451+0000][94.648s] GC(13)   Evacuate Collection Set: 23.5ms
[2021-01-11T14:24:41.451+0000][94.648s] GC(13)   Post Evacuate Collection Set: 0.4ms
[2021-01-11T14:24:41.451+0000][94.648s] GC(13)   Other: 0.2ms
[2021-01-11T14:24:41.451+0000][94.648s] GC(13) Eden regions: 100->0(137)
[2021-01-11T14:24:41.451+0000][94.648s] GC(13) Survivor regions: 9->5(14)
[2021-01-11T14:24:41.451+0000][94.648s] GC(13) Old regions: 19->24
[2021-01-11T14:24:41.451+0000][94.648s] GC(13) Humongous regions: 4->4
[2021-01-11T14:24:41.451+0000][94.648s] GC(13) Metaspace: 47327K->47327K(1091584K)
[2021-01-11T14:24:41.451+0000][94.648s] GC(13) Pause Young (Normal) (G1 Evacuation Pause) 131M->32M(512M) 24.207ms
[2021-01-11T14:24:41.451+0000][94.648s] GC(13) User=0.02s Sys=0.00s Real=0.02s
[2021-01-11T14:24:42.964+0000][96.161s] GC(14) Pause Young (Normal) (G1 Evacuation Pause)
[2021-01-11T14:24:42.964+0000][96.161s] GC(14) Using 1 workers of 1 for evacuation
[2021-01-11T14:24:42.985+0000][96.182s] GC(14)   Pre Evacuate Collection Set: 0.0ms
[2021-01-11T14:24:42.985+0000][96.182s] GC(14)   Evacuate Collection Set: 20.5ms
[2021-01-11T14:24:42.985+0000][96.182s] GC(14)   Post Evacuate Collection Set: 0.4ms
[2021-01-11T14:24:42.985+0000][96.182s] GC(14)   Other: 0.2ms
[2021-01-11T14:24:42.985+0000][96.182s] GC(14) Eden regions: 137->0(160)
[2021-01-11T14:24:42.985+0000][96.182s] GC(14) Survivor regions: 5->8(18)
[2021-01-11T14:24:42.985+0000][96.182s] GC(14) Old regions: 24->24
[2021-01-11T14:24:42.985+0000][96.182s] GC(14) Humongous regions: 5->4
[2021-01-11T14:24:42.985+0000][96.182s] GC(14) Metaspace: 53082K->53082K(1097728K)
[2021-01-11T14:24:42.985+0000][96.182s] GC(14) Pause Young (Normal) (G1 Evacuation Pause) 170M->34M(512M) 21.235ms
[2021-01-11T14:24:42.985+0000][96.182s] GC(14) User=0.01s Sys=0.00s Real=0.03s
[2021-01-11T14:35:47.175+0000][760.372s] Heap
[2021-01-11T14:35:47.175+0000][760.372s]  garbage-first heap   total 524288K, used 131775K [0x00000000e0000000, 0x0000000100000000)
[2021-01-11T14:35:47.175+0000][760.372s]   region size 1024K, 103 young (105472K), 8 survivors (8192K)
[2021-01-11T14:35:47.175+0000][760.372s]  Metaspace       used 57302K, capacity 58462K, committed 58608K, reserved 1101824K
[2021-01-11T14:35:47.175+0000][760.372s]   class space    used 6494K, capacity 6966K, committed 6976K, reserved 1048576K
